Component: ARM Compiler 5.06 update 4 (build 422) Tool: armlink [4d35d2]

==============================================================================

Section Cross References

    startup_stm32f407xx.o(RESET) refers to startup_stm32f407xx.o(STACK) for __initial_sp
    startup_stm32f407xx.o(RESET) refers to startup_stm32f407xx.o(.text) for Reset_Handler
    startup_stm32f407xx.o(RESET) refers to port.o(.emb_text) for SVC_Handler
    startup_stm32f407xx.o(RESET) refers to stm32f4xx_it.o(i.SysTick_Handler) for SysTick_Handler
    startup_stm32f407xx.o(RESET) refers to stm32f4xx_it.o(i.CAN1_TX_IRQHandler) for CAN1_TX_IRQHandler
    startup_stm32f407xx.o(RESET) refers to stm32f4xx_it.o(i.CAN1_RX0_IRQHandler) for CAN1_RX0_IRQHandler
    startup_stm32f407xx.o(RESET) refers to stm32f4xx_it.o(i.CAN1_RX1_IRQHandler) for CAN1_RX1_IRQHandler
    startup_stm32f407xx.o(RESET) refers to stm32f4xx_it.o(i.CAN1_SCE_IRQHandler) for CAN1_SCE_IRQHandler
    startup_stm32f407xx.o(RESET) refers to stm32f4xx_it.o(i.TIM1_UP_TIM10_IRQHandler) for TIM1_UP_TIM10_IRQHandler
    startup_stm32f407xx.o(RESET) refers to stm32f4xx_it.o(i.CAN2_TX_IRQHandler) for CAN2_TX_IRQHandler
    startup_stm32f407xx.o(RESET) refers to stm32f4xx_it.o(i.CAN2_RX0_IRQHandler) for CAN2_RX0_IRQHandler
    startup_stm32f407xx.o(RESET) refers to stm32f4xx_it.o(i.CAN2_RX1_IRQHandler) for CAN2_RX1_IRQHandler
    startup_stm32f407xx.o(RESET) refers to stm32f4xx_it.o(i.CAN2_SCE_IRQHandler) for CAN2_SCE_IRQHandler
    startup_stm32f407xx.o(RESET) refers to stm32f4xx_it.o(i.OTG_FS_IRQHandler) for OTG_FS_IRQHandler
    startup_stm32f407xx.o(.text) refers to system_stm32f4xx.o(i.SystemInit) for SystemInit
    startup_stm32f407xx.o(.text) refers to entry.o(.ARM.Collect$$$$00000000) for __main
    usbh_pipes.o(i.USBH_ClosePipe) refers to usbh_conf.o(i.USBH_LL_ClosePipe) for USBH_LL_ClosePipe
    usbh_pipes.o(i.USBH_OpenPipe) refers to usbh_conf.o(i.USBH_LL_OpenPipe) for USBH_LL_OpenPipe
    usbh_ctlreq.o(i.USBH_ClrFeature) refers to usbh_ctlreq.o(i.USBH_CtlReq) for USBH_CtlReq
    usbh_ctlreq.o(i.USBH_CtlReq) refers to cmsis_os.o(i.osMessagePut) for osMessagePut
    usbh_ctlreq.o(i.USBH_CtlReq) refers to usbh_ctlreq.o(i.USBH_HandleControl) for USBH_HandleControl
    usbh_ctlreq.o(i.USBH_GetDescriptor) refers to usbh_ctlreq.o(i.USBH_CtlReq) for USBH_CtlReq
    usbh_ctlreq.o(i.USBH_Get_CfgDesc) refers to usbh_ctlreq.o(i.USBH_GetDescriptor) for USBH_GetDescriptor
    usbh_ctlreq.o(i.USBH_Get_CfgDesc) refers to usbh_ctlreq.o(i.USBH_ParseCfgDesc) for USBH_ParseCfgDesc
    usbh_ctlreq.o(i.USBH_Get_DevDesc) refers to usbh_ctlreq.o(i.USBH_GetDescriptor) for USBH_GetDescriptor
    usbh_ctlreq.o(i.USBH_Get_StringDesc) refers to usbh_ctlreq.o(i.USBH_GetDescriptor) for USBH_GetDescriptor
    usbh_ctlreq.o(i.USBH_HandleControl) refers to usbh_ioreq.o(i.USBH_CtlSendSetup) for USBH_CtlSendSetup
    usbh_ctlreq.o(i.USBH_HandleControl) refers to usbh_conf.o(i.USBH_LL_GetURBState) for USBH_LL_GetURBState
    usbh_ctlreq.o(i.USBH_HandleControl) refers to usbh_ioreq.o(i.USBH_CtlReceiveData) for USBH_CtlReceiveData
    usbh_ctlreq.o(i.USBH_HandleControl) refers to usbh_ioreq.o(i.USBH_CtlSendData) for USBH_CtlSendData
    usbh_ctlreq.o(i.USBH_HandleControl) refers to cmsis_os.o(i.osMessagePut) for osMessagePut
    usbh_ctlreq.o(i.USBH_HandleControl) refers to usbh_conf.o(i.USBH_LL_Stop) for USBH_LL_Stop
    usbh_ctlreq.o(i.USBH_ParseCfgDesc) refers to usbh_ctlreq.o(i.USBH_GetNextDesc) for USBH_GetNextDesc
    usbh_ctlreq.o(i.USBH_SetAddress) refers to usbh_ctlreq.o(i.USBH_CtlReq) for USBH_CtlReq
    usbh_ctlreq.o(i.USBH_SetCfg) refers to usbh_ctlreq.o(i.USBH_CtlReq) for USBH_CtlReq
    usbh_ctlreq.o(i.USBH_SetInterface) refers to usbh_ctlreq.o(i.USBH_CtlReq) for USBH_CtlReq
    usbh_core.o(i.USBH_DeInit) refers to usbh_core.o(i.DeInitStateMachine) for DeInitStateMachine
    usbh_core.o(i.USBH_DeInit) refers to usbh_conf.o(i.USBH_LL_Stop) for USBH_LL_Stop
    usbh_core.o(i.USBH_HandleEnum) refers to usbh_ctlreq.o(i.USBH_Get_DevDesc) for USBH_Get_DevDesc
    usbh_core.o(i.USBH_HandleEnum) refers to usbh_ctlreq.o(i.USBH_SetAddress) for USBH_SetAddress
    usbh_core.o(i.USBH_HandleEnum) refers to usbh_conf.o(i.USBH_Delay) for USBH_Delay
    usbh_core.o(i.USBH_HandleEnum) refers to usbh_pipes.o(i.USBH_OpenPipe) for USBH_OpenPipe
    usbh_core.o(i.USBH_HandleEnum) refers to usbh_ctlreq.o(i.USBH_Get_CfgDesc) for USBH_Get_CfgDesc
    usbh_core.o(i.USBH_HandleEnum) refers to usbh_ctlreq.o(i.USBH_Get_StringDesc) for USBH_Get_StringDesc
    usbh_core.o(i.USBH_HandleEnum) refers to cmsis_os.o(i.osMessagePut) for osMessagePut
    usbh_core.o(i.USBH_Init) refers to usbh_core.o(i.DeInitStateMachine) for DeInitStateMachine
    usbh_core.o(i.USBH_Init) refers to cmsis_os.o(i.osMessageCreate) for osMessageCreate
    usbh_core.o(i.USBH_Init) refers to memcpya.o(.text) for __aeabi_memcpy4
    usbh_core.o(i.USBH_Init) refers to cmsis_os.o(i.osThreadCreate) for osThreadCreate
[...]
    i.USBH_LL_SetToggle                      0x08003706   Section        0  usbh_conf.o(i.USBH_LL_SetToggle)
    i.USBH_LL_Start                          0x08003726   Section        0  usbh_conf.o(i.USBH_LL_Start)
    i.USBH_LL_Stop                           0x08003746   Section        0  usbh_conf.o(i.USBH_LL_Stop)
    i.USBH_LL_SubmitURB                      0x08003766   Section        0  usbh_conf.o(i.USBH_LL_SubmitURB)
    i.USBH_OpenPipe                          0x08003796   Section        0  usbh_pipes.o(i.USBH_OpenPipe)
    i.USBH_ParseCfgDesc                      0x080037aa   Section        0  usbh_ctlreq.o(i.USBH_ParseCfgDesc)
    USBH_ParseCfgDesc                        0x080037ab   Thumb Code   232  usbh_ctlreq.o(i.USBH_ParseCfgDesc)
    i.USBH_Process                           0x08003892   Section        0  usbh_core.o(i.USBH_Process)
    i.USBH_Process_OS                        0x08003a12   Section        0  usbh_core.o(i.USBH_Process_OS)
    USBH_Process_OS                          0x08003a13   Thumb Code    34  usbh_core.o(i.USBH_Process_OS)
    i.USBH_RegisterClass                     0x08003a34   Section        0  usbh_core.o(i.USBH_RegisterClass)
    i.USBH_SelectInterface                   0x08003a50   Section        0  usbh_core.o(i.USBH_SelectInterface)
    i.USBH_SetAddress                        0x08003a66   Section        0  usbh_ctlreq.o(i.USBH_SetAddress)
    i.USBH_SetCfg                            0x08003a82   Section        0  usbh_ctlreq.o(i.USBH_SetCfg)
    i.USBH_Start                             0x08003a9e   Section        0  usbh_core.o(i.USBH_Start)
    i.USBH_UserProcess                       0x08003ab4   Section        0  usb_host.o(i.USBH_UserProcess)
    USBH_UserProcess                         0x08003ab5   Thumb Code    28  usb_host.o(i.USBH_UserProcess)
    i.USB_CoreInit                           0x08003ad4   Section        0  stm32f4xx_ll_usb.o(i.USB_CoreInit)
    i.USB_CoreReset                          0x08003b40   Section        0  stm32f4xx_ll_usb.o(i.USB_CoreReset)
    USB_CoreReset                            0x08003b41   Thumb Code    50  stm32f4xx_ll_usb.o(i.USB_CoreReset)
    i.USB_DisableGlobalInt                   0x08003b78   Section        0  stm32f4xx_ll_usb.o(i.USB_DisableGlobalInt)
    i.USB_DoPing                             0x08003b84   Section        0  stm32f4xx_ll_usb.o(i.USB_DoPing)
    i.USB_DriveVbus                          0x08003bc4   Section        0  stm32f4xx_ll_usb.o(i.USB_DriveVbus)
    i.USB_EnableGlobalInt                    0x08003bf0   Section        0  stm32f4xx_ll_usb.o(i.USB_EnableGlobalInt)
    i.USB_FlushRxFifo                        0x08003bfc   Section        0  stm32f4xx_ll_usb.o(i.USB_FlushRxFifo)
    i.USB_FlushTxFifo                        0x08003c1c   Section        0  stm32f4xx_ll_usb.o(i.USB_FlushTxFifo)
    i.USB_GetCurrentFrame                    0x08003c40   Section        0  stm32f4xx_ll_usb.o(i.USB_GetCurrentFrame)
    i.USB_GetHostSpeed                       0x08003c48   Section        0  stm32f4xx_ll_usb.o(i.USB_GetHostSpeed)
    i.USB_GetMode                            0x08003c56   Section        0  stm32f4xx_ll_usb.o(i.USB_GetMode)
    i.USB_HC_Halt                            0x08003c5e   Section        0  stm32f4xx_ll_usb.o(i.USB_HC_Halt)
    i.USB_HC_Init                            0x08003da8   Section        0  stm32f4xx_ll_usb.o(i.USB_HC_Init)
    i.USB_HC_ReadInterrupt                   0x08003e92   Section        0  stm32f4xx_ll_usb.o(i.USB_HC_ReadInterrupt)
    i.USB_HC_StartXfer                       0x08003ea0   Section        0  stm32f4xx_ll_usb.o(i.USB_HC_StartXfer)
    i.USB_HostInit                           0x08004028   Section        0  stm32f4xx_ll_usb.o(i.USB_HostInit)
    i.USB_InitFSLSPClkSel                    0x080040fc   Section        0  stm32f4xx_ll_usb.o(i.USB_InitFSLSPClkSel)
    i.USB_ReadInterrupts                     0x08004132   Section        0  stm32f4xx_ll_usb.o(i.USB_ReadInterrupts)
    i.USB_ReadPacket                         0x0800413a   Section        0  stm32f4xx_ll_usb.o(i.USB_ReadPacket)
    i.USB_ResetPort                          0x0800415a   Section        0  stm32f4xx_ll_usb.o(i.USB_ResetPort)
    i.USB_SetCurrentMode                     0x08004186   Section        0  stm32f4xx_ll_usb.o(i.USB_SetCurrentMode)
    i.USB_StopHost                           0x080041b2   Section        0  stm32f4xx_ll_usb.o(i.USB_StopHost)
    i.USB_WritePacket                        0x08004264   Section        0  stm32f4xx_ll_usb.o(i.USB_WritePacket)
    i._Error_Handler                         0x0800428c   Section        0  main.o(i._Error_Handler)
    i.__scatterload_copy                     0x0800428e   Section       14  handlers.o(i.__scatterload_copy)
    i.__scatterload_null                     0x0800429c   Section        2  handlers.o(i.__scatterload_null)
    i.__scatterload_zeroinit                 0x0800429e   Section       14  handlers.o(i.__scatterload_zeroinit)
    i.free                                   0x080042ac   Section        0  malloc.o(i.free)
    i.inHandlerMode                          0x080042fc   Section        0  cmsis_os.o(i.inHandlerMode)
    inHandlerMode                            0x080042fd   Thumb Code    12  cmsis_os.o(i.inHandlerMode)
    i.main                                   0x08004308   Section        0  main.o(i.main)
    i.makeFreeRtosPriority                   0x0800432e   Section        0  cmsis_os.o(i.makeFreeRtosPriority)
    makeFreeRtosPriority                     0x0800432f   Thumb Code    12  cmsis_os.o(i.makeFreeRtosPriority)
    i.malloc                                 0x0800433c   Section        0  malloc.o(i.malloc)
    i.osDelay                                0x080043a8   Section        0  cmsis_os.o(i.osDelay)
    i.osKernelStart                          0x080043b6   Section        0  cmsis_os.o(i.osKernelStart)
    i.osMessageCreate                        0x080043c0   Section        0  cmsis_os.o(i.osMessageCreate)
    i.osMessageGet                           0x080043c8   Section        0  cmsis_os.o(i.osMessageGet)
    i.osMessagePut                           0x08004460   Section        0  cmsis_os.o(i.osMessagePut)
    i.osSystickHandler                       0x080044bc   Section        0  cmsis_os.o(i.osSystickHandler)
    i.osThreadCreate                         0x080044d0   Section        0  cmsis_os.o(i.osThreadCreate)
    i.prvAddCurrentTaskToDelayedList         0x08004500   Section        0  tasks.o(i.prvAddCurrentTaskToDelayedList)
    prvAddCurrentTaskToDelayedList           0x08004501   Thumb Code   102  tasks.o(i.prvAddCurrentTaskToDelayedList)
    i.prvAddNewTaskToReadyList               0x08004570   Section        0  tasks.o(i.prvAddNewTaskToReadyList)
    prvAddNewTaskToReadyList                 0x08004571   Thumb Code   194  tasks.o(i.prvAddNewTaskToReadyList)
    i.prvCheckTasksWaitingTermination        0x08004640   Section        0  tasks.o(i.prvCheckTasksWaitingTermination)
    prvCheckTasksWaitingTermination          0x08004641   Thumb Code    70  tasks.o(i.prvCheckTasksWaitingTermination)
    i.prvCopyDataFromQueue                   0x08004690   Section        0  queue.o(i.prvCopyDataFromQueue)
    prvCopyDataFromQueue                     0x08004691   Thumb Code    38  queue.o(i.prvCopyDataFromQueue)
    i.prvCopyDataToQueue                     0x080046b6   Section        0  queue.o(i.prvCopyDataToQueue)
    prvCopyDataToQueue                       0x080046b7   Thumb Code   108  queue.o(i.prvCopyDataToQueue)
    i.prvDeleteTCB                           0x08004722   Section        0  tasks.o(i.prvDeleteTCB)
    prvDeleteTCB                             0x08004723   Thumb Code    20  tasks.o(i.prvDeleteTCB)
    i.prvHeapInit                            0x08004738   Section        0  heap_4.o(i.prvHeapInit)
    prvHeapInit                              0x08004739   Thumb Code    66  heap_4.o(i.prvHeapInit)
    i.prvIdleTask                            0x08004784   Section        0  tasks.o(i.prvIdleTask)
    prvIdleTask                              0x08004785   Thumb Code    30  tasks.o(i.prvIdleTask)
    i.prvInitialiseNewTask                   0x080047ac   Section        0  tasks.o(i.prvInitialiseNewTask)
    prvInitialiseNewTask                     0x080047ad   Thumb Code   142  tasks.o(i.prvInitialiseNewTask)
    i.prvInsertBlockIntoFreeList             0x0800483c   Section        0  heap_4.o(i.prvInsertBlockIntoFreeList)
    prvInsertBlockIntoFreeList               0x0800483d   Thumb Code    72  heap_4.o(i.prvInsertBlockIntoFreeList)
    i.prvIsQueueEmpty                        0x08004888   Section        0  queue.o(i.prvIsQueueEmpty)
    prvIsQueueEmpty                          0x08004889   Thumb Code    28  queue.o(i.prvIsQueueEmpty)
    i.prvResetNextTaskUnblockTime            0x080048a4   Section        0  tasks.o(i.prvResetNextTaskUnblockTime)
    prvResetNextTaskUnblockTime              0x080048a5   Thumb Code    26  tasks.o(i.prvResetNextTaskUnblockTime)
    i.prvTaskExitError                       0x080048c4   Section        0  port.o(i.prvTaskExitError)
    prvTaskExitError                         0x080048c5   Thumb Code    36  port.o(i.prvTaskExitError)
    i.prvUnlockQueue                         0x080048ec   Section        0  queue.o(i.prvUnlockQueue)
    prvUnlockQueue                           0x080048ed   Thumb Code   106  queue.o(i.prvUnlockQueue)
    i.pvPortMalloc                           0x08004958   Section        0  heap_4.o(i.pvPortMalloc)
    i.pvTaskIncrementMutexHeldCount          0x08004a30   Section        0  tasks.o(i.pvTaskIncrementMutexHeldCount)
    i.pxPortInitialiseStack                  0x08004a48   Section        0  port.o(i.pxPortInitialiseStack)
    i.uxListRemove                           0x08004a74   Section        0  list.o(i.uxListRemove)
    i.vListInitialise                        0x08004a98   Section        0  list.o(i.vListInitialise)
    i.vListInitialiseItem                    0x08004aae   Section        0  list.o(i.vListInitialiseItem)
    i.vListInsert                            0x08004ab4   Section        0  list.o(i.vListInsert)
    i.vListInsertEnd                         0x08004ae4   Section        0  list.o(i.vListInsertEnd)
    i.vPortEnterCritical                     0x08004afc   Section        0  port.o(i.vPortEnterCritical)
    i.vPortExitCritical                      0x08004b3c   Section        0  port.o(i.vPortExitCritical)
    i.vPortFree                              0x08004b64   Section        0  heap_4.o(i.vPortFree)
    i.vPortSetupTimerInterrupt               0x08004bc0   Section        0  port.o(i.vPortSetupTimerInterrupt)
    i.vPortValidateInterruptPriority         0x08004be0   Section        0  port.o(i.vPortValidateInterruptPriority)
    i.vTaskDelay                             0x08004c34   Section        0  tasks.o(i.vTaskDelay)
    i.vTaskMissedYield                       0x08004c80   Section        0  tasks.o(i.vTaskMissedYield)
    i.vTaskPlaceOnEventList                  0x08004c8c   Section        0  tasks.o(i.vTaskPlaceOnEventList)
    i.vTaskPriorityInherit                   0x08004cbc   Section        0  tasks.o(i.vTaskPriorityInherit)
    i.vTaskSetTimeOutState                   0x08004d40   Section        0  tasks.o(i.vTaskSetTimeOutState)
    i.vTaskStartScheduler                    0x08004d64   Section        0  tasks.o(i.vTaskStartScheduler)
    i.vTaskSuspendAll                        0x08004dcc   Section        0  tasks.o(i.vTaskSuspendAll)
    i.vTaskSwitchContext                     0x08004ddc   Section        0  tasks.o(i.vTaskSwitchContext)
    i.xPortStartScheduler                    0x08004e38   Section        0  port.o(i.xPortStartScheduler)
    i.xPortSysTickHandler                    0x08004f18   Section        0  port.o(i.xPortSysTickHandler)
    i.xQueueGenericCreate                    0x08004f44   Section        0  queue.o(i.xQueueGenericCreate)
    i.xQueueGenericReceive                   0x08004f8c   Section        0  queue.o(i.xQueueGenericReceive)
    i.xQueueGenericReset                     0x080050f8   Section        0  queue.o(i.xQueueGenericReset)
    i.xQueueGenericSend                      0x08005180   Section        0  queue.o(i.xQueueGenericSend)
    i.xQueueGenericSendFromISR               0x080052e0   Section        0  queue.o(i.xQueueGenericSendFromISR)
    i.xQueueReceiveFromISR                   0x0800539c   Section        0  queue.o(i.xQueueReceiveFromISR)
    i.xTaskCheckForTimeOut                   0x08005438   Section        0  tasks.o(i.xTaskCheckForTimeOut)
    i.xTaskCreate                            0x080054a4   Section        0  tasks.o(i.xTaskCreate)
    i.xTaskGetSchedulerState                 0x080054fc   Section        0  tasks.o(i.xTaskGetSchedulerState)
    i.xTaskIncrementTick                     0x08005518   Section        0  tasks.o(i.xTaskIncrementTick)
    i.xTaskPriorityDisinherit                0x080055e0   Section        0  tasks.o(i.xTaskPriorityDisinherit)
    i.xTaskRemoveFromEventList               0x08005678   Section        0  tasks.o(i.xTaskRemoveFromEventList)
    i.xTaskResumeAll                         0x080056ec   Section        0  tasks.o(i.xTaskResumeAll)
    .constdata                               0x080057b0   Section       28  usbh_core.o(.constdata)
    .constdata                               0x080057cc   Section      100  freertos.o(.constdata)
    .constdata                               0x08005830   Section       16  system_stm32f4xx.o(.constdata)
    .constdata                               0x08005840   Section        8  system_stm32f4xx.o(.constdata)
    .conststring                             0x08005848   Section       12  usbh_core.o(.conststring)
    .conststring                             0x08005854   Section        4  usbh_cdc.o(.conststring)
    .conststring                             0x08005858   Section       37  freertos.o(.conststring)
    .data                                    0x20000000   Section       32  usbh_cdc.o(.data)
    .data                                    0x20000020   Section       12  stm32f4xx_hal.o(.data)
    .data                                    0x2000002c   Section        1  usb_host.o(.data)
    .data                                    0x20000030   Section        4  can.o(.data)
    HAL_RCC_CAN1_CLK_ENABLED                 0x20000030   Data           4  can.o(.data)
    .data                                    0x20000034   Section       20  freertos.o(.data)
    .data                                    0x20000048   Section        4  system_stm32f4xx.o(.data)
    .data                                    0x2000004c   Section       24  heap_4.o(.data)
    pxEnd                                    0x2000004c   Data           4  heap_4.o(.data)
    xFreeBytesRemaining                      0x20000050   Data           4  heap_4.o(.data)
    xMinimumEverFreeBytesRemaining           0x20000054   Data           4  heap_4.o(.data)
    xBlockAllocatedBit                       0x20000058   Data           4  heap_4.o(.data)
    xStart                                   0x2000005c   Data           8  heap_4.o(.data)
    .data                                    0x20000064   Section       60  tasks.o(.data)
    uxDeletedTasksWaitingCleanUp             0x20000068   Data           4  tasks.o(.data)
    uxCurrentNumberOfTasks                   0x2000006c   Data           4  tasks.o(.data)
    xTickCount                               0x20000070   Data           4  tasks.o(.data)
    uxTopReadyPriority                       0x20000074   Data           4  tasks.o(.data)
    xSchedulerRunning                        0x20000078   Data           4  tasks.o(.data)
    uxPendedTicks                            0x2000007c   Data           4  tasks.o(.data)
    xYieldPending                            0x20000080   Data           4  tasks.o(.data)
    xNumOfOverflows                          0x20000084   Data           4  tasks.o(.data)
    uxTaskNumber                             0x20000088   Data           4  tasks.o(.data)
    xNextTaskUnblockTime                     0x2000008c   Data           4  tasks.o(.data)
    xIdleTaskHandle                          0x20000090   Data           4  tasks.o(.data)
    uxSchedulerSuspended                     0x20000094   Data           4  tasks.o(.data)
    pxDelayedTaskList                        0x20000098   Data           4  tasks.o(.data)
    pxOverflowDelayedTaskList                0x2000009c   Data           4  tasks.o(.data)
    .data                                    0x200000a0   Section       12  port.o(.data)
    ucMaxSysCallPriority                     0x200000a0   Data           1  port.o(.data)
    uxCriticalNesting                        0x200000a4   Data           4  port.o(.data)
    ulMaxPRIGROUPValue                       0x200000a8   Data           4  port.o(.data)
    .data                                    0x200000ac   Section        4  mvars.o(.data)
    .data                                    0x200000b0   Section        4  mvars.o(.data)
    .bss                                     0x200000b4   Section      976  usb_host.o(.bss)
    .bss                                     0x20000484   Section      664  usbh_conf.o(.bss)
    .bss                                     0x2000071c   Section       88  spi.o(.bss)
    .bss                                     0x20000774   Section       80  can.o(.bss)
    .bss                                     0x200007c4   Section       72  i2s.o(.bss)
    .bss                                     0x2000080c   Section       84  i2c.o(.bss)
    .bss                                     0x20000860   Section       60  stm32f4xx_hal_timebase_tim.o(.bss)
    .bss                                     0x2000089c   Section    64000  heap_4.o(.bss)
    ucHeap                                   0x2000089c   Data       64000  heap_4.o(.bss)
    .bss                                     0x2001029c   Section      240  tasks.o(.bss)
    pxReadyTasksLists                        0x2001029c   Data         140  tasks.o(.bss)
    xDelayedTaskList1                        0x20010328   Data          20  tasks.o(.bss)
    xDelayedTaskList2                        0x2001033c   Data          20  tasks.o(.bss)
    xPendingReadyList                        0x20010350   Data          20  tasks.o(.bss)
    xTasksWaitingTermination                 0x20010364   Data          20  tasks.o(.bss)
    xSuspendedTaskList                       0x20010378   Data          20  tasks.o(.bss)
    HEAP                                     0x20010390   Section      512  startup_stm32f407xx.o(HEAP)
    STACK                                    0x20010590   Section     1024  startup_stm32f407xx.o(STACK)

    Global Symbols

    Symbol Name                              Value     Ov Type        Size  Object(Section)

    BuildAttributes$$THM_ISAv4$E$P$D$K$B$S$7EM$VFPi3$EXTD16$VFPS$VFMA$PE$A:L22UL41UL21$X:L11$S22US41US21$IEEE1$IW$USESV6$~STKCKD$USESV7$~SHL$OSPACE$EBA8$MICROLIB$REQ8$PRES8$EABIv2 0x00000000   Number         0  anon$$obj.o ABSOLUTE
    __ARM_use_no_argv                        0x00000000   Number         0  main.o ABSOLUTE
    __cpp_initialize__aeabi_                  - Undefined Weak Reference
    __cxa_finalize                            - Undefined Weak Reference
    __decompress                              - Undefined Weak Reference
    _clock_init                               - Undefined Weak Reference
    _microlib_exit                            - Undefined Weak Reference
    __Vectors_Size                           0x00000188   Number         0  startup_stm32f407xx.o ABSOLUTE
    __Vectors                                0x08000000   Data           4  startup_stm32f407xx.o(RESET)
    __Vectors_End                            0x08000188   Data           0  startup_stm32f407xx.o(RESET)
    __main                                   0x08000189   Thumb Code     0  entry.o(.ARM.Collect$$$$00000000)
    _main_stk                                0x08000189   Thumb Code     0  entry2.o(.ARM.Collect$$$$00000001)
    _main_scatterload                        0x0800018d   Thumb Code     0  entry5.o(.ARM.Collect$$$$00000004)
    __main_after_scatterload                 0x08000191   Thumb Code     0  entry5.o(.ARM.Collect$$$$00000004)
    _main_clock                              0x08000191   Thumb Code     0  entry7b.o(.ARM.Collect$$$$00000008)
    _main_cpp_init                           0x08000191   Thumb Code     0  entry8b.o(.ARM.Collect$$$$0000000A)
    _main_init                               0x08000191   Thumb Code     0  entry9a.o(.ARM.Collect$$$$0000000B)
    __rt_final_cpp                           0x08000199   Thumb Code     0  entry10a.o(.ARM.Collect$$$$0000000D)
    __rt_final_exit                          0x08000199   Thumb Code     0  entry11a.o(.ARM.Collect$$$$0000000F)
    SVC_Handler                              0x0800019d   Thumb Code    28  port.o(.emb_text)
    __asm___6_port_c_39a90d8d__prvStartFirstTask 0x080001bd   Thumb Code    28  port.o(.emb_text)
    __asm___6_port_c_39a90d8d__prvEnableVFP  0x080001dd   Thumb Code    16  port.o(.emb_text)
    PendSV_Handler                           0x080001f1   Thumb Code    92  port.o(.emb_text)
    vPortGetIPSR                             0x08000251   Thumb Code     6  port.o(.emb_text)
    Reset_Handler                            0x08000259   Thumb Code     8  startup_stm32f407xx.o(.text)
    NMI_Handler                              0x08000261   Thumb Code     2  startup_stm32f407xx.o(.text)
    HardFault_Handler                        0x08000263   Thumb Code     2  startup_stm32f407xx.o(.text)
    MemManage_Handler                        0x08000265   Thumb Code     2  startup_stm32f407xx.o(.text)
    BusFault_Handler                         0x08000267   Thumb Code     2  startup_stm32f407xx.o(.text)
    UsageFault_Handler                       0x08000269   Thumb Code     2  startup_stm32f407xx.o(.text)
    DebugMon_Handler                         0x0800026d   Thumb Code     2  startup_stm32f407xx.o(.text)
    ADC_IRQHandler                           0x08000273   Thumb Code     0  startup_stm32f407xx.o(.text)
    DCMI_IRQHandler                          0x08000273   Thumb Code     0  startup_stm32f407xx.o(.text)
    DMA1_Stream0_IRQHandler                  0x08000273   Thumb Code     0  startup_stm32f407xx.o(.text)
    DMA1_Stream1_IRQHandler                  0x08000273   Thumb Code     0  startup_stm32f407xx.o(.text)
    DMA1_Stream2_IRQHandler                  0x08000273   Thumb Code     0  startup_stm32f407xx.o(.text)
    DMA1_Stream3_IRQHandler                  0x08000273   Thumb Code     0  startup_stm32f407xx.o(.text)
    DMA1_Stream4_IRQHandler                  0x08000273   Thumb Code     0  startup_stm32f407xx.o(.text)
    DMA1_Stream5_IRQHandler                  0x08000273   Thumb Code     0  startup_stm32f407xx.o(.text)
    DMA1_Stream6_IRQHandler                  0x08000273   Thumb Code     0  startup_stm32f407xx.o(.text)
    DMA1_Stream7_IRQHandler                  0x08000273   Thumb Code     0  startup_stm32f407xx.o(.text)
    DMA2_Stream0_IRQHandler                  0x08000273   Thumb Code     0  startup_stm32f407xx.o(.text)
    DMA2_Stream1_IRQHandler                  0x08000273   Thumb Code     0  startup_stm32f407xx.o(.text)
    DMA2_Stream2_IRQHandler                  0x08000273   Thumb Code     0  startup_stm32f407xx.o(.text)
    DMA2_Stream3_IRQHandler                  0x08000273   Thumb Code     0  startup_stm32f407xx.o(.text)
    DMA2_Stream4_IRQHandler                  0x08000273   Thumb Code     0  startup_stm32f407xx.o(.text)
    DMA2_Stream5_IRQHandler                  0x08000273   Thumb Code     0  startup_stm32f407xx.o(.text)
    DMA2_Stream6_IRQHandler                  0x08000273   Thumb Code     0  startup_stm32f407xx.o(.text)
    DMA2_Stream7_IRQHandler                  0x08000273   Thumb Code     0  startup_stm32f407xx.o(.text)
    ETH_IRQHandler                           0x08000273   Thumb Code     0  startup_stm32f407xx.o(.text)
    ETH_WKUP_IRQHandler                      0x08000273   Thumb Code     0  startup_stm32f407xx.o(.text)
    EXTI0_IRQHandler                         0x08000273   Thumb Code     0  startup_stm32f407xx.o(.text)
    EXTI15_10_IRQHandler                     0x08000273   Thumb Code     0  startup_stm32f407xx.o(.text)
    EXTI1_IRQHandler                         0x08000273   Thumb Code     0  startup_stm32f407xx.o(.text)
    EXTI2_IRQHandler                         0x08000273   Thumb Code     0  startup_stm32f407xx.o(.text)
    EXTI3_IRQHandler                         0x08000273   Thumb Code     0  startup_stm32f407xx.o(.text)
    EXTI4_IRQHandler                         0x08000273   Thumb Code     0  startup_stm32f407xx.o(.text)
    EXTI9_5_IRQHandler                       0x08000273   Thumb Code     0  startup_stm32f407xx.o(.text)
    FLASH_IRQHandler                         0x08000273   Thumb Code     0  startup_stm32f407xx.o(.text)
    FMC_IRQHandler                           0x08000273   Thumb Code     0  startup_stm32f407xx.o(.text)
    FPU_IRQHandler                           0x08000273   Thumb Code     0  startup_stm32f407xx.o(.text)
    HASH_RNG_IRQHandler                      0x08000273   Thumb Code     0  startup_stm32f407xx.o(.text)
    I2C1_ER_IRQHandler                       0x08000273   Thumb Code     0  startup_stm32f407xx.o(.text)
    I2C1_EV_IRQHandler                       0x08000273   Thumb Code     0  startup_stm32f407xx.o(.text)
    I2C2_ER_IRQHandler                       0x08000273   Thumb Code     0  startup_stm32f407xx.o(.text)
    I2C2_EV_IRQHandler                       0x08000273   Thumb Code     0  startup_stm32f407xx.o(.text)
    I2C3_ER_IRQHandler                       0x08000273   Thumb Code     0  startup_stm32f407xx.o(.text)
    I2C3_EV_IRQHandler                       0x08000273   Thumb Code     0  startup_stm32f407xx.o(.text)
    OTG_FS_WKUP_IRQHandler                   0x08000273   Thumb Code     0  startup_stm32f407xx.o(.text)
    OTG_HS_EP1_IN_IRQHandler                 0x08000273   Thumb Code     0  startup_stm32f407xx.o(.text)
    OTG_HS_EP1_OUT_IRQHandler                0x08000273   Thumb Code     0  startup_stm32f407xx.o(.text)
    OTG_HS_IRQHandler                        0x08000273   Thumb Code     0  startup_stm32f407xx.o(.text)
    OTG_HS_WKUP_IRQHandler                   0x08000273   Thumb Code     0  startup_stm32f407xx.o(.text)
    PVD_IRQHandler                           0x08000273   Thumb Code     0  startup_stm32f407xx.o(.text)
    RCC_IRQHandler                           0x08000273   Thumb Code     0  startup_stm32f407xx.o(.text)
    RTC_Alarm_IRQHandler                     0x08000273   Thumb Code     0  startup_stm32f407xx.o(.text)
    RTC_WKUP_IRQHandler                      0x08000273   Thumb Code     0  startup_stm32f407xx.o(.text)
    SDIO_IRQHandler                          0x08000273   Thumb Code     0  startup_stm32f407xx.o(.text)
    SPI1_IRQHandler                          0x08000273   Thumb Code     0  startup_stm32f407xx.o(.text)
    SPI2_IRQHandler                          0x08000273   Thumb Code     0  startup_stm32f407xx.o(.text)
    SPI3_IRQHandler                          0x08000273   Thumb Code     0  startup_stm32f407xx.o(.text)
    TAMP_STAMP_IRQHandler                    0x08000273   Thumb Code     0  startup_stm32f407xx.o(.text)
    TIM1_BRK_TIM9_IRQHandler                 0x08000273   Thumb Code     0  startup_stm32f407xx.o(.text)
    TIM1_CC_IRQHandler                       0x08000273   Thumb Code     0  startup_stm32f407xx.o(.text)
    TIM1_TRG_COM_TIM11_IRQHandler            0x08000273   Thumb Code     0  startup_stm32f407xx.o(.text)
    TIM2_IRQHandler                          0x08000273   Thumb Code     0  startup_stm32f407xx.o(.text)
    TIM3_IRQHandler                          0x08000273   Thumb Code     0  startup_stm32f407xx.o(.text)
    TIM4_IRQHandler                          0x08000273   Thumb Code     0  startup_stm32f407xx.o(.text)
    TIM5_IRQHandler                          0x08000273   Thumb Code     0  startup_stm32f407xx.o(.text)
    TIM6_DAC_IRQHandler                      0x08000273   Thumb Code     0  startup_stm32f407xx.o(.text)
    TIM7_IRQHandler                          0x08000273   Thumb Code     0  startup_stm32f407xx.o(.text)
    TIM8_BRK_TIM12_IRQHandler                0x08000273   Thumb Code     0  startup_stm32f407xx.o(.text)
    TIM8_CC_IRQHandler                       0x08000273   Thumb Code     0  startup_stm32f407xx.o(.text)
    TIM8_TRG_COM_TIM14_IRQHandler            0x08000273   Thumb Code     0  startup_stm32f407xx.o(.text)
    TIM8_UP_TIM13_IRQHandler                 0x08000273   Thumb Code     0  startup_stm32f407xx.o(.text)
    UART4_IRQHandler                         0x08000273   Thumb Code     0  startup_stm32f407xx.o(.text)
    UART5_IRQHandler                         0x08000273   Thumb Code     0  startup_stm32f407xx.o(.text)
    USART1_IRQHandler                        0x08000273   Thumb Code     0  startup_stm32f407xx.o(.text)
    USART2_IRQHandler                        0x08000273   Thumb Code     0  startup_stm32f407xx.o(.text)
    USART3_IRQHandler                        0x08000273   Thumb Code     0  startup_stm32f407xx.o(.text)
    USART6_IRQHandler                        0x08000273   Thumb Code     0  startup_stm32f407xx.o(.text)
    WWDG_IRQHandler                          0x08000273   Thumb Code     0  startup_stm32f407xx.o(.text)
    __aeabi_uldivmod                         0x0800027d   Thumb Code    98  uldiv.o(.text)
    __aeabi_memcpy                           0x080002df   Thumb Code    36  memcpya.o(.text)
    __aeabi_memcpy4                          0x080002df   Thumb Code     0  memcpya.o(.text)
    __aeabi_memcpy8                          0x080002df   Thumb Code     0  memcpya.o(.text)
    __aeabi_llsl                             0x08000303   Thumb Code    30  llshl.o(.text)
    _ll_shift_l                              0x08000303   Thumb Code     0  llshl.o(.text)
    __aeabi_llsr                             0x08000321   Thumb Code    32  llushr.o(.text)
    _ll_ushift_r                             0x08000321   Thumb Code     0  llushr.o(.text)
    __scatterload                            0x08000341   Thumb Code    28  init.o(.text)
    __scatterload_rt2                        0x08000341   Thumb Code     0  init.o(.text)
    CAN1_RX0_IRQHandler                      0x08000365   Thumb Code     6  stm32f4xx_it.o(i.CAN1_RX0_IRQHandler)
    CAN1_RX1_IRQHandler                      0x08000371   Thumb Code     6  stm32f4xx_it.o(i.CAN1_RX1_IRQHandler)
    CAN1_SCE_IRQHandler                      0x0800037d   Thumb Code     6  stm32f4xx_it.o(i.CAN1_SCE_IRQHandler)
    CAN1_TX_IRQHandler                       0x08000389   Thumb Code     6  stm32f4xx_it.o(i.CAN1_TX_IRQHandler)
    CAN2_RX0_IRQHandler                      0x08000395   Thumb Code     6  stm32f4xx_it.o(i.CAN2_RX0_IRQHandler)
    CAN2_RX1_IRQHandler                      0x080003a1   Thumb Code     6  stm32f4xx_it.o(i.CAN2_RX1_IRQHandler)
    CAN2_SCE_IRQHandler                      0x080003ad   Thumb Code     6  stm32f4xx_it.o(i.CAN2_SCE_IRQHandler)
    CAN2_TX_IRQHandler                       0x080003b9   Thumb Code     6  stm32f4xx_it.o(i.CAN2_TX_IRQHandler)
    HAL_CAN_ErrorCallback                    0x0800051f   Thumb Code     2  stm32f4xx_hal_can.o(i.HAL_CAN_ErrorCallback)
    HAL_CAN_IRQHandler                       0x08000521   Thumb Code   508  stm32f4xx_hal_can.o(i.HAL_CAN_IRQHandler)
    HAL_CAN_Init                             0x0800071d   Thumb Code   282  stm32f4xx_hal_can.o(i.HAL_CAN_Init)
    HAL_CAN_MspInit                          0x08000839   Thumb Code   264  can.o(i.HAL_CAN_MspInit)
    HAL_CAN_RxFifo0FullCallback              0x08000959   Thumb Code     2  stm32f4xx_hal_can.o(i.HAL_CAN_RxFifo0FullCallback)
    HAL_CAN_RxFifo0MsgPendingCallback        0x0800095b   Thumb Code     2  stm32f4xx_hal_can.o(i.HAL_CAN_RxFifo0MsgPendingCallback)
    HAL_CAN_RxFifo1FullCallback              0x0800095d   Thumb Code     2  stm32f4xx_hal_can.o(i.HAL_CAN_RxFifo1FullCallback)
    HAL_CAN_RxFifo1MsgPendingCallback        0x0800095f   Thumb Code     2  stm32f4xx_hal_can.o(i.HAL_CAN_RxFifo1MsgPendingCallback)
    HAL_CAN_SleepCallback                    0x08000961   Thumb Code     2  stm32f4xx_hal_can.o(i.HAL_CAN_SleepCallback)
    HAL_CAN_TxMailbox0AbortCallback          0x08000963   Thumb Code     2  stm32f4xx_hal_can.o(i.HAL_CAN_TxMailbox0AbortCallback)
    HAL_CAN_TxMailbox0CompleteCallback       0x08000965   Thumb Code     2  stm32f4xx_hal_can.o(i.HAL_CAN_TxMailbox0CompleteCallback)
    HAL_CAN_TxMailbox1AbortCallback          0x08000967   Thumb Code     2  stm32f4xx_hal_can.o(i.HAL_CAN_TxMailbox1AbortCallback)
    HAL_CAN_TxMailbox1CompleteCallback       0x08000969   Thumb Code     2  stm32f4xx_hal_can.o(i.HAL_CAN_TxMailbox1CompleteCallback)
    HAL_CAN_TxMailbox2AbortCallback          0x0800096b   Thumb Code     2  stm32f4xx_hal_can.o(i.HAL_CAN_TxMailbox2AbortCallback)
    HAL_CAN_TxMailbox2CompleteCallback       0x0800096d   Thumb Code     2  stm32f4xx_hal_can.o(i.HAL_CAN_TxMailbox2CompleteCallback)
    HAL_CAN_WakeUpFromRxMsgCallback          0x0800096f   Thumb Code     2  stm32f4xx_hal_can.o(i.HAL_CAN_WakeUpFromRxMsgCallback)
    HAL_Delay                                0x08000971   Thumb Code    32  stm32f4xx_hal.o(i.HAL_Delay)
    HAL_GPIO_Init                            0x08000995   Thumb Code   388  stm32f4xx_hal_gpio.o(i.HAL_GPIO_Init)
    HAL_GPIO_TogglePin                       0x08000b45   Thumb Code     8  stm32f4xx_hal_gpio.o(i.HAL_GPIO_TogglePin)
    HAL_GPIO_WritePin                        0x08000b4d   Thumb Code    10  stm32f4xx_hal_gpio.o(i.HAL_GPIO_WritePin)
    HAL_GetTick                              0x08000b59   Thumb Code     6  stm32f4xx_hal.o(i.HAL_GetTick)
    HAL_HCD_Connect_Callback                 0x08000b65   Thumb Code     8  usbh_conf.o(i.HAL_HCD_Connect_Callback)
    HAL_HCD_Disconnect_Callback              0x08000b6d   Thumb Code     8  usbh_conf.o(i.HAL_HCD_Disconnect_Callback)
    HAL_HCD_GetCurrentFrame                  0x08000b75   Thumb Code     6  stm32f4xx_hal_hcd.o(i.HAL_HCD_GetCurrentFrame)
    HAL_HCD_GetCurrentSpeed                  0x08000b7b   Thumb Code     6  stm32f4xx_hal_hcd.o(i.HAL_HCD_GetCurrentSpeed)
    HAL_HCD_HC_GetURBState                   0x08000b81   Thumb Code    14  stm32f4xx_hal_hcd.o(i.HAL_HCD_HC_GetURBState)
    HAL_HCD_HC_GetXferCount                  0x08000b8f   Thumb Code    12  stm32f4xx_hal_hcd.o(i.HAL_HCD_HC_GetXferCount)
    HAL_HCD_HC_Halt                          0x08000b9b   Thumb Code    36  stm32f4xx_hal_hcd.o(i.HAL_HCD_HC_Halt)
    HAL_HCD_HC_Init                          0x08000bbf   Thumb Code    84  stm32f4xx_hal_hcd.o(i.HAL_HCD_HC_Init)
    HAL_HCD_HC_NotifyURBChange_Callback      0x08000c13   Thumb Code     8  usbh_conf.o(i.HAL_HCD_HC_NotifyURBChange_Callback)
    HAL_HCD_HC_SubmitRequest                 0x08000c1b   Thumb Code   182  stm32f4xx_hal_hcd.o(i.HAL_HCD_HC_SubmitRequest)
    HAL_HCD_IRQHandler                       0x08000cd1   Thumb Code   302  stm32f4xx_hal_hcd.o(i.HAL_HCD_IRQHandler)
    HAL_HCD_Init                             0x08000dff   Thumb Code    90  stm32f4xx_hal_hcd.o(i.HAL_HCD_Init)
    HAL_HCD_MspInit                          0x08000e59   Thumb Code   110  usbh_conf.o(i.HAL_HCD_MspInit)
    HAL_HCD_ResetPort                        0x08000ed1   Thumb Code     6  stm32f4xx_hal_hcd.o(i.HAL_HCD_ResetPort)
    HAL_HCD_SOF_Callback                     0x08000ed7   Thumb Code     8  usbh_conf.o(i.HAL_HCD_SOF_Callback)
    HAL_HCD_Start                            0x08000edf   Thumb Code    44  stm32f4xx_hal_hcd.o(i.HAL_HCD_Start)
    HAL_HCD_Stop                             0x08000f0b   Thumb Code    36  stm32f4xx_hal_hcd.o(i.HAL_HCD_Stop)
    HAL_I2C_Init                             0x08000f31   Thumb Code   254  stm32f4xx_hal_i2c.o(i.HAL_I2C_Init)
    HAL_I2C_MspInit                          0x08001039   Thumb Code    64  i2c.o(i.HAL_I2C_MspInit)
    HAL_I2SEx_FullDuplex_IRQHandler          0x08001085   Thumb Code   476  stm32f4xx_hal_i2s_ex.o(i.HAL_I2SEx_FullDuplex_IRQHandler)
    HAL_I2SEx_TxRxCpltCallback               0x08001269   Thumb Code     2  stm32f4xx_hal_i2s_ex.o(i.HAL_I2SEx_TxRxCpltCallback)
    HAL_I2S_ErrorCallback                    0x0800126b   Thumb Code     2  stm32f4xx_hal_i2s.o(i.HAL_I2S_ErrorCallback)
    HAL_I2S_Init                             0x0800126d   Thumb Code   366  stm32f4xx_hal_i2s.o(i.HAL_I2S_Init)
    HAL_I2S_MspInit                          0x080013ed   Thumb Code    82  i2s.o(i.HAL_I2S_MspInit)
    HAL_I2S_RxCpltCallback                   0x08001451   Thumb Code     2  stm32f4xx_hal_i2s.o(i.HAL_I2S_RxCpltCallback)
    HAL_I2S_TxCpltCallback                   0x08001453   Thumb Code     2  stm32f4xx_hal_i2s.o(i.HAL_I2S_TxCpltCallback)
    HAL_IncTick                              0x08001455   Thumb Code    12  stm32f4xx_hal.o(i.HAL_IncTick)
    HAL_Init                                 0x08001465   Thumb Code    48  stm32f4xx_hal.o(i.HAL_Init)
    HAL_InitTick                             0x08001499   Thumb Code   100  stm32f4xx_hal_timebase_tim.o(i.HAL_InitTick)
    HAL_MspInit                              0x0800150d   Thumb Code    88  stm32f4xx_hal_msp.o(i.HAL_MspInit)
    HAL_NVIC_EnableIRQ                       0x08001565   Thumb Code    22  stm32f4xx_hal_cortex.o(i.HAL_NVIC_EnableIRQ)
    HAL_NVIC_SetPriority                     0x0800157d   Thumb Code    60  stm32f4xx_hal_cortex.o(i.HAL_NVIC_SetPriority)
    HAL_NVIC_SetPriorityGrouping             0x080015bd   Thumb Code    26  stm32f4xx_hal_cortex.o(i.HAL_NVIC_SetPriorityGrouping)
    HAL_RCCEx_GetPeriphCLKFreq               0x080015e1   Thumb Code    76  stm32f4xx_hal_rcc_ex.o(i.HAL_RCCEx_GetPeriphCLKFreq)
    HAL_RCCEx_PeriphCLKConfig                0x0800163d   Thumb Code   296  stm32f4xx_hal_rcc_ex.o(i.HAL_RCCEx_PeriphCLKConfig)
    HAL_RCC_ClockConfig                      0x08001779   Thumb Code   286  stm32f4xx_hal_rcc.o(i.HAL_RCC_ClockConfig)
    HAL_RCC_GetClockConfig                   0x080018a9   Thumb Code    54  stm32f4xx_hal_rcc.o(i.HAL_RCC_GetClockConfig)
    HAL_RCC_GetHCLKFreq                      0x080018e9   Thumb Code     6  stm32f4xx_hal_rcc.o(i.HAL_RCC_GetHCLKFreq)
    HAL_RCC_GetPCLK1Freq                     0x080018f5   Thumb Code    20  stm32f4xx_hal_rcc.o(i.HAL_RCC_GetPCLK1Freq)
    HAL_RCC_GetPCLK2Freq                     0x08001915   Thumb Code    20  stm32f4xx_hal_rcc.o(i.HAL_RCC_GetPCLK2Freq)
    HAL_RCC_GetSysClockFreq                  0x08001935   Thumb Code    88  stm32f4xx_hal_rcc.o(i.HAL_RCC_GetSysClockFreq)
    HAL_RCC_OscConfig                        0x08001995   Thumb Code   770  stm32f4xx_hal_rcc.o(i.HAL_RCC_OscConfig)
    HAL_SPI_Init                             0x08001cb1   Thumb Code   128  stm32f4xx_hal_spi.o(i.HAL_SPI_Init)
    HAL_SPI_MspInit                          0x08001d31   Thumb Code    60  spi.o(i.HAL_SPI_MspInit)
    HAL_SYSTICK_CLKSourceConfig              0x08001d79   Thumb Code    24  stm32f4xx_hal_cortex.o(i.HAL_SYSTICK_CLKSourceConfig)
    HAL_SYSTICK_Config                       0x08001d91   Thumb Code    40  stm32f4xx_hal_cortex.o(i.HAL_SYSTICK_Config)
    HAL_TIMEx_BreakCallback                  0x08001db9   Thumb Code     2  stm32f4xx_hal_tim_ex.o(i.HAL_TIMEx_BreakCallback)
    HAL_TIMEx_CommutationCallback            0x08001dbb   Thumb Code     2  stm32f4xx_hal_tim_ex.o(i.HAL_TIMEx_CommutationCallback)
    HAL_TIM_Base_Init                        0x08001dbd   Thumb Code    54  stm32f4xx_hal_tim.o(i.HAL_TIM_Base_Init)
    HAL_TIM_Base_MspInit                     0x08001df3   Thumb Code     2  stm32f4xx_hal_tim.o(i.HAL_TIM_Base_MspInit)
    HAL_TIM_Base_Start_IT                    0x08001df5   Thumb Code    24  stm32f4xx_hal_tim.o(i.HAL_TIM_Base_Start_IT)
    HAL_TIM_IC_CaptureCallback               0x08001e0d   Thumb Code     2  stm32f4xx_hal_tim.o(i.HAL_TIM_IC_CaptureCallback)
    HAL_TIM_IRQHandler                       0x08001e0f   Thumb Code   358  stm32f4xx_hal_tim.o(i.HAL_TIM_IRQHandler)
    HAL_TIM_OC_DelayElapsedCallback          0x08001f75   Thumb Code     2  stm32f4xx_hal_tim.o(i.HAL_TIM_OC_DelayElapsedCallback)
    HAL_TIM_PWM_PulseFinishedCallback        0x08001f77   Thumb Code     2  stm32f4xx_hal_tim.o(i.HAL_TIM_PWM_PulseFinishedCallback)
    HAL_TIM_PeriodElapsedCallback            0x08001f79   Thumb Code    14  main.o(i.HAL_TIM_PeriodElapsedCallback)
    HAL_TIM_TriggerCallback                  0x08001f8d   Thumb Code     2  stm32f4xx_hal_tim.o(i.HAL_TIM_TriggerCallback)
    MX_CAN1_Init                             0x080026f1   Thumb Code    58  can.o(i.MX_CAN1_Init)
    MX_DriverVbusFS                          0x08002745   Thumb Code    16  usbh_platform.o(i.MX_DriverVbusFS)
    MX_FREERTOS_Init                         0x08002759   Thumb Code   118  freertos.o(i.MX_FREERTOS_Init)
    MX_GPIO_Init                             0x080027d9   Thumb Code   318  gpio.o(i.MX_GPIO_Init)
    MX_I2C1_Init                             0x08002935   Thumb Code    54  i2c.o(i.MX_I2C1_Init)
    MX_I2S3_Init                             0x08002989   Thumb Code    52  i2s.o(i.MX_I2S3_Init)
    MX_SPI1_Init                             0x080029d9   Thumb Code    64  spi.o(i.MX_SPI1_Init)
    MX_USB_HOST_Init                         0x08002a31   Thumb Code    30  usb_host.o(i.MX_USB_HOST_Init)
    OTG_FS_IRQHandler                        0x08002a7d   Thumb Code     6  stm32f4xx_it.o(i.OTG_FS_IRQHandler)
    StartCom                                 0x08002a89   Thumb Code     8  freertos.o(i.StartCom)
    StartDiag                                0x08002a91   Thumb Code    40  freertos.o(i.StartDiag)
    StartHOST                                0x08002abd   Thumb Code     8  freertos.o(i.StartHOST)
    StartMain                                0x08002ac5   Thumb Code    12  freertos.o(i.StartMain)
    StartSensorMng                           0x08002ad1   Thumb Code     8  freertos.o(i.StartSensorMng)
    SysTick_Handler                          0x08002ad9   Thumb Code     4  stm32f4xx_it.o(i.SysTick_Handler)
    SystemClock_Config                       0x08002add   Thumb Code   170  main.o(i.SystemClock_Config)
    SystemInit                               0x08002b91   Thumb Code    66  system_stm32f4xx.o(i.SystemInit)
    TIM1_UP_TIM10_IRQHandler                 0x08002be5   Thumb Code     6  stm32f4xx_it.o(i.TIM1_UP_TIM10_IRQHandler)
    TIM_Base_SetConfig                       0x08002bf1   Thumb Code   148  stm32f4xx_hal_tim.o(i.TIM_Base_SetConfig)
    USBH_AllocPipe                           0x08002cb1   Thumb Code    52  usbh_pipes.o(i.USBH_AllocPipe)
    USBH_BulkReceiveData                     0x08002ce5   Thumb Code    32  usbh_ioreq.o(i.USBH_BulkReceiveData)
    USBH_BulkSendData                        0x08002d05   Thumb Code    40  usbh_ioreq.o(i.USBH_BulkSendData)
    USBH_CDC_LineCodingChanged               0x08002ee3   Thumb Code     2  usbh_cdc.o(i.USBH_CDC_LineCodingChanged)
    USBH_CDC_ReceiveCallback                 0x08002f9d   Thumb Code     2  usbh_cdc.o(i.USBH_CDC_ReceiveCallback)
    USBH_CDC_TransmitCallback                0x08002fa3   Thumb Code     2  usbh_cdc.o(i.USBH_CDC_TransmitCallback)
    USBH_ClosePipe                           0x08002fa5   Thumb Code    10  usbh_pipes.o(i.USBH_ClosePipe)
    USBH_ClrFeature                          0x08002faf   Thumb Code    30  usbh_ctlreq.o(i.USBH_ClrFeature)
    USBH_CtlReceiveData                      0x08002fcd   Thumb Code    30  usbh_ioreq.o(i.USBH_CtlReceiveData)
    USBH_CtlReq                              0x08002feb   Thumb Code    74  usbh_ctlreq.o(i.USBH_CtlReq)
    USBH_CtlSendData                         0x08003035   Thumb Code    40  usbh_ioreq.o(i.USBH_CtlSendData)
    USBH_CtlSendSetup                        0x0800305d   Thumb Code    30  usbh_ioreq.o(i.USBH_CtlSendSetup)
    USBH_Delay                               0x0800307b   Thumb Code     4  usbh_conf.o(i.USBH_Delay)
    USBH_FindInterface                       0x0800307f   Thumb Code    68  usbh_core.o(i.USBH_FindInterface)
    USBH_FreePipe                            0x080030c3   Thumb Code    24  usbh_pipes.o(i.USBH_FreePipe)
    USBH_GetDescriptor                       0x080030db   Thumb Code    52  usbh_ctlreq.o(i.USBH_GetDescriptor)
    USBH_GetNextDesc                         0x0800310f   Thumb Code    14  usbh_ctlreq.o(i.USBH_GetNextDesc)
    USBH_Get_CfgDesc                         0x0800311d   Thumb Code    44  usbh_ctlreq.o(i.USBH_Get_CfgDesc)
    USBH_Get_DevDesc                         0x08003149   Thumb Code   154  usbh_ctlreq.o(i.USBH_Get_DevDesc)
    USBH_Get_StringDesc                      0x080031e3   Thumb Code    72  usbh_ctlreq.o(i.USBH_Get_StringDesc)
    USBH_Init                                0x080034cd   Thumb Code    98  usbh_core.o(i.USBH_Init)
    USBH_LL_ClosePipe                        0x08003535   Thumb Code    32  usbh_conf.o(i.USBH_LL_ClosePipe)
    USBH_LL_Connect                          0x08003555   Thumb Code    56  usbh_core.o(i.USBH_LL_Connect)
    USBH_LL_Disconnect                       0x0800358d   Thumb Code    68  usbh_core.o(i.USBH_LL_Disconnect)
    USBH_LL_DriverVBUS                       0x080035d1   Thumb Code    26  usbh_conf.o(i.USBH_LL_DriverVBUS)
    USBH_LL_GetLastXferSize                  0x080035eb   Thumb Code     8  usbh_conf.o(i.USBH_LL_GetLastXferSize)
    USBH_LL_GetSpeed                         0x080035f3   Thumb Code    34  usbh_conf.o(i.USBH_LL_GetSpeed)
    USBH_LL_GetURBState                      0x08003615   Thumb Code     8  usbh_conf.o(i.USBH_LL_GetURBState)
    USBH_LL_IncTimer                         0x0800361d   Thumb Code    30  usbh_core.o(i.USBH_LL_IncTimer)
    USBH_LL_Init                             0x0800363d   Thumb Code    78  usbh_conf.o(i.USBH_LL_Init)
    USBH_LL_NotifyURBChange                  0x080036a5   Thumb Code    18  usbh_core.o(i.USBH_LL_NotifyURBChange)
    USBH_LL_OpenPipe                         0x080036b7   Thumb Code    42  usbh_conf.o(i.USBH_LL_OpenPipe)
    USBH_LL_ResetPort                        0x080036e1   Thumb Code    32  usbh_conf.o(i.USBH_LL_ResetPort)
    USBH_LL_SetTimer                         0x08003701   Thumb Code     6  usbh_core.o(i.USBH_LL_SetTimer)
    USBH_LL_SetToggle                        0x08003707   Thumb Code    32  usbh_conf.o(i.USBH_LL_SetToggle)
    USBH_LL_Start                            0x08003727   Thumb Code    32  usbh_conf.o(i.USBH_LL_Start)
    USBH_LL_Stop                             0x08003747   Thumb Code    32  usbh_conf.o(i.USBH_LL_Stop)
    USBH_LL_SubmitURB                        0x08003767   Thumb Code    48  usbh_conf.o(i.USBH_LL_SubmitURB)
    USBH_OpenPipe                            0x08003797   Thumb Code    20  usbh_pipes.o(i.USBH_OpenPipe)
    USBH_Process                             0x08003893   Thumb Code   384  usbh_core.o(i.USBH_Process)
    USBH_RegisterClass                       0x08003a35   Thumb Code    28  usbh_core.o(i.USBH_RegisterClass)
    USBH_SelectInterface                     0x08003a51   Thumb Code    22  usbh_core.o(i.USBH_SelectInterface)
    USBH_SetAddress                          0x08003a67   Thumb Code    28  usbh_ctlreq.o(i.USBH_SetAddress)
    USBH_SetCfg                              0x08003a83   Thumb Code    28  usbh_ctlreq.o(i.USBH_SetCfg)
    USBH_Start                               0x08003a9f   Thumb Code    20  usbh_core.o(i.USBH_Start)
    USB_CoreInit                             0x08003ad5   Thumb Code   104  stm32f4xx_ll_usb.o(i.USB_CoreInit)
    USB_DisableGlobalInt                     0x08003b79   Thumb Code    12  stm32f4xx_ll_usb.o(i.USB_DisableGlobalInt)
    USB_DoPing                               0x08003b85   Thumb Code    60  stm32f4xx_ll_usb.o(i.USB_DoPing)
    USB_DriveVbus                            0x08003bc5   Thumb Code    44  stm32f4xx_ll_usb.o(i.USB_DriveVbus)
    USB_EnableGlobalInt                      0x08003bf1   Thumb Code    12  stm32f4xx_ll_usb.o(i.USB_EnableGlobalInt)
    USB_FlushRxFifo                          0x08003bfd   Thumb Code    28  stm32f4xx_ll_usb.o(i.USB_FlushRxFifo)
    USB_FlushTxFifo                          0x08003c1d   Thumb Code    32  stm32f4xx_ll_usb.o(i.USB_FlushTxFifo)
    USB_GetCurrentFrame                      0x08003c41   Thumb Code     8  stm32f4xx_ll_usb.o(i.USB_GetCurrentFrame)
    USB_GetHostSpeed                         0x08003c49   Thumb Code    14  stm32f4xx_ll_usb.o(i.USB_GetHostSpeed)
    USB_GetMode                              0x08003c57   Thumb Code     8  stm32f4xx_ll_usb.o(i.USB_GetMode)
    USB_HC_Halt                              0x08003c5f   Thumb Code   328  stm32f4xx_ll_usb.o(i.USB_HC_Halt)
    USB_HC_Init                              0x08003da9   Thumb Code   234  stm32f4xx_ll_usb.o(i.USB_HC_Init)
    USB_HC_ReadInterrupt                     0x08003e93   Thumb Code    12  stm32f4xx_ll_usb.o(i.USB_HC_ReadInterrupt)
    USB_HC_StartXfer                         0x08003ea1   Thumb Code   386  stm32f4xx_ll_usb.o(i.USB_HC_StartXfer)
    USB_HostInit                             0x08004029   Thumb Code   192  stm32f4xx_ll_usb.o(i.USB_HostInit)
    USB_InitFSLSPClkSel                      0x080040fd   Thumb Code    54  stm32f4xx_ll_usb.o(i.USB_InitFSLSPClkSel)
    USB_ReadInterrupts                       0x08004133   Thumb Code     8  stm32f4xx_ll_usb.o(i.USB_ReadInterrupts)
    USB_ReadPacket                           0x0800413b   Thumb Code    32  stm32f4xx_ll_usb.o(i.USB_ReadPacket)
    USB_ResetPort                            0x0800415b   Thumb Code    44  stm32f4xx_ll_usb.o(i.USB_ResetPort)
    USB_SetCurrentMode                       0x08004187   Thumb Code    44  stm32f4xx_ll_usb.o(i.USB_SetCurrentMode)
    USB_StopHost                             0x080041b3   Thumb Code   178  stm32f4xx_ll_usb.o(i.USB_StopHost)
    USB_WritePacket                          0x08004265   Thumb Code    40  stm32f4xx_ll_usb.o(i.USB_WritePacket)
    _Error_Handler                           0x0800428d   Thumb Code     2  main.o(i._Error_Handler)
    __scatterload_copy                       0x0800428f   Thumb Code    14  handlers.o(i.__scatterload_copy)
    __scatterload_null                       0x0800429d   Thumb Code     2  handlers.o(i.__scatterload_null)
    __scatterload_zeroinit                   0x0800429f   Thumb Code    14  handlers.o(i.__scatterload_zeroinit)
    free                                     0x080042ad   Thumb Code    76  malloc.o(i.free)
    main                                     0x08004309   Thumb Code    38  main.o(i.main)
    malloc                                   0x0800433d   Thumb Code    92  malloc.o(i.malloc)
    osDelay                                  0x080043a9   Thumb Code    14  cmsis_os.o(i.osDelay)
    osKernelStart                            0x080043b7   Thumb Code    10  cmsis_os.o(i.osKernelStart)
    osMessageCreate                          0x080043c1   Thumb Code     8  cmsis_os.o(i.osMessageCreate)
    osMessageGet                             0x080043c9   Thumb Code   146  cmsis_os.o(i.osMessageGet)
    osMessagePut                             0x08004461   Thumb Code    86  cmsis_os.o(i.osMessagePut)
    osSystickHandler                         0x080044bd   Thumb Code    20  cmsis_os.o(i.osSystickHandler)
    osThreadCreate                           0x080044d1   Thumb Code    46  cmsis_os.o(i.osThreadCreate)
    pvPortMalloc                             0x08004959   Thumb Code   210  heap_4.o(i.pvPortMalloc)
    pvTaskIncrementMutexHeldCount            0x08004a31   Thumb Code    18  tasks.o(i.pvTaskIncrementMutexHeldCount)
    pxPortInitialiseStack                    0x08004a49   Thumb Code    40  port.o(i.pxPortInitialiseStack)
    uxListRemove                             0x08004a75   Thumb Code    36  list.o(i.uxListRemove)
    vListInitialise                          0x08004a99   Thumb Code    22  list.o(i.vListInitialise)
    vListInitialiseItem                      0x08004aaf   Thumb Code     6  list.o(i.vListInitialiseItem)
    vListInsert                              0x08004ab5   Thumb Code    48  list.o(i.vListInsert)
    vListInsertEnd                           0x08004ae5   Thumb Code    24  list.o(i.vListInsertEnd)
    vPortEnterCritical                       0x08004afd   Thumb Code    54  port.o(i.vPortEnterCritical)
    vPortExitCritical                        0x08004b3d   Thumb Code    34  port.o(i.vPortExitCritical)
    vPortFree                                0x08004b65   Thumb Code    88  heap_4.o(i.vPortFree)
    vPortSetupTimerInterrupt                 0x08004bc1   Thumb Code    26  port.o(i.vPortSetupTimerInterrupt)
    vPortValidateInterruptPriority           0x08004be1   Thumb Code    74  port.o(i.vPortValidateInterruptPriority)
    vTaskDelay                               0x08004c35   Thumb Code    66  tasks.o(i.vTaskDelay)
    vTaskMissedYield                         0x08004c81   Thumb Code     8  tasks.o(i.vTaskMissedYield)
    vTaskPlaceOnEventList                    0x08004c8d   Thumb Code    44  tasks.o(i.vTaskPlaceOnEventList)
    vTaskPriorityInherit                     0x08004cbd   Thumb Code   124  tasks.o(i.vTaskPriorityInherit)
    vTaskSetTimeOutState                     0x08004d41   Thumb Code    30  tasks.o(i.vTaskSetTimeOutState)
    vTaskStartScheduler                      0x08004d65   Thumb Code    86  tasks.o(i.vTaskStartScheduler)
    vTaskSuspendAll                          0x08004dcd   Thumb Code    10  tasks.o(i.vTaskSuspendAll)
    vTaskSwitchContext                       0x08004ddd   Thumb Code    82  tasks.o(i.vTaskSwitchContext)
    xPortStartScheduler                      0x08004e39   Thumb Code   202  port.o(i.xPortStartScheduler)
    xPortSysTickHandler                      0x08004f19   Thumb Code    38  port.o(i.xPortSysTickHandler)
    xQueueGenericCreate                      0x08004f45   Thumb Code    72  queue.o(i.xQueueGenericCreate)
    xQueueGenericReceive                     0x08004f8d   Thumb Code   360  queue.o(i.xQueueGenericReceive)
    xQueueGenericReset                       0x080050f9   Thumb Code   132  queue.o(i.xQueueGenericReset)
    xQueueGenericSend                        0x08005181   Thumb Code   346  queue.o(i.xQueueGenericSend)
    xQueueGenericSendFromISR                 0x080052e1   Thumb Code   188  queue.o(i.xQueueGenericSendFromISR)
    xQueueReceiveFromISR                     0x0800539d   Thumb Code   154  queue.o(i.xQueueReceiveFromISR)
    xTaskCheckForTimeOut                     0x08005439   Thumb Code   102  tasks.o(i.xTaskCheckForTimeOut)
    xTaskCreate                              0x080054a5   Thumb Code    86  tasks.o(i.xTaskCreate)
    xTaskGetSchedulerState                   0x080054fd   Thumb Code    22  tasks.o(i.xTaskGetSchedulerState)
    xTaskIncrementTick                       0x08005519   Thumb Code   192  tasks.o(i.xTaskIncrementTick)
    xTaskPriorityDisinherit                  0x080055e1   Thumb Code   144  tasks.o(i.xTaskPriorityDisinherit)
    xTaskRemoveFromEventList                 0x08005679   Thumb Code   108  tasks.o(i.xTaskRemoveFromEventList)
    xTaskResumeAll                           0x080056ed   Thumb Code   182  tasks.o(i.xTaskResumeAll)
    AHBPrescTable                            0x08005830   Data          16  system_stm32f4xx.o(.constdata)
    APBPrescTable                            0x08005840   Data           8  system_stm32f4xx.o(.constdata)
    Region$$Table$$Base                      0x08005880   Number         0  anon$$obj.o(Region$$Table)
    Region$$Table$$Limit                     0x080058a0   Number         0  anon$$obj.o(Region$$Table)
    CDC_Class                                0x20000000   Data          32  usbh_cdc.o(.data)
    uwTickFreq                               0x20000020   Data           1  stm32f4xx_hal.o(.data)
    uwTickPrio                               0x20000024   Data           4  stm32f4xx_hal.o(.data)
    uwTick                                   0x20000028   Data           4  stm32f4xx_hal.o(.data)
    Appli_state                              0x2000002c   Data           1  usb_host.o(.data)
    MainHandle                               0x20000034   Data           4  freertos.o(.data)
    ComHandle                                0x20000038   Data           4  freertos.o(.data)
    DiagHandle                               0x2000003c   Data           4  freertos.o(.data)
    HOSTHandle                               0x20000040   Data           4  freertos.o(.data)
    SensorMngHandle                          0x20000044   Data           4  freertos.o(.data)
    SystemCoreClock                          0x20000048   Data           4  system_stm32f4xx.o(.data)
    pxCurrentTCB                             0x20000064   Data           4  tasks.o(.data)
    __microlib_freelist                      0x200000ac   Data           4  mvars.o(.data)
    __microlib_freelist_initialised          0x200000b0   Data           4  mvars.o(.data)
    hUsbHostFS                               0x200000b4   Data         976  usb_host.o(.bss)
    hhcd_USB_OTG_FS                          0x20000484   Data         664  usbh_conf.o(.bss)
    hspi1                                    0x2000071c   Data          88  spi.o(.bss)
    hcan1                                    0x20000774   Data          40  can.o(.bss)
    hcan2                                    0x2000079c   Data          40  can.o(.bss)
    hi2s3                                    0x200007c4   Data          72  i2s.o(.bss)
    hi2c1                                    0x2000080c   Data          84  i2c.o(.bss)
    htim1                                    0x20000860   Data          60  stm32f4xx_hal_timebase_tim.o(.bss)
    __heap_base                              0x20010390   Data           0  startup_stm32f407xx.o(HEAP)
    __heap_limit                             0x20010590   Data           0  startup_stm32f407xx.o(HEAP)
    __initial_sp                             0x20010990   Data           0  startup_stm32f407xx.o(STACK)



==============================================================================

Memory Map of the image

  Image Entry point : 0x08000189

  Load Region LR_IROM1 (Base: 0x08000000, Size: 0x00005954, Max: 0x00100000, ABSOLUTE)

    Execution Region ER_IROM1 (Base: 0x08000000, Size: 0x000058a0, Max: 0x00100000, ABSOLUTE)

    Base Addr    Size         Type   Attr      Idx    E Section Name        Object

    0x08000000   0x00000188   Data   RO            3    RESET               startup_stm32f407xx.o
    0x08000188   0x00000000   Code   RO         6157  * .ARM.Collect$$$$00000000  mc_w.l(entry.o)
    0x08000188   0x00000004   Code   RO         6194    .ARM.Collect$$$$00000001  mc_w.l(entry2.o)
    0x0800018c   0x00000004   Code   RO         6197    .ARM.Collect$$$$00000004  mc_w.l(entry5.o)
    0x08000190   0x00000000   Code   RO         6199    .ARM.Collect$$$$00000008  mc_w.l(entry7b.o)
    0x08000190   0x00000000   Code   RO         6201    .ARM.Collect$$$$0000000A  mc_w.l(entry8b.o)
    0x08000190   0x00000008   Code   RO         6202    .ARM.Collect$$$$0000000B  mc_w.l(entry9a.o)
    0x08000198   0x00000000   Code   RO         6204    .ARM.Collect$$$$0000000D  mc_w.l(entry10a.o)
    0x08000198   0x00000000   Code   RO         6206    .ARM.Collect$$$$0000000F  mc_w.l(entry11a.o)
    0x08000198   0x00000004   Code   RO         6195    .ARM.Collect$$$$00002712  mc_w.l(entry2.o)
    0x0800019c   0x000000ba   Code   RO         5922    .emb_text           port.o
    0x08000256   0x00000002   PAD
    0x08000258   0x00000024   Code   RO            4    .text               startup_stm32f407xx.o
    0x0800027c   0x00000062   Code   RO         6160    .text               mc_w.l(uldiv.o)
    0x080002de   0x00000024   Code   RO         6162    .text               mc_w.l(memcpya.o)
    0x08000302   0x0000001e   Code   RO         6208    .text               mc_w.l(llshl.o)
    0x08000320   0x00000020   Code   RO         6210    .text               mc_w.l(llushr.o)
    0x08000340   0x00000024   Code   RO         6214    .text               mc_w.l(init.o)
    0x08000364   0x0000000c   Code   RO         4742    i.CAN1_RX0_IRQHandler  stm32f4xx_it.o
    0x08000370   0x0000000c   Code   RO         4743    i.CAN1_RX1_IRQHandler  stm32f4xx_it.o
    0x0800037c   0x0000000c   Code   RO         4744    i.CAN1_SCE_IRQHandler  stm32f4xx_it.o
    0x08000388   0x0000000c   Code   RO         4745    i.CAN1_TX_IRQHandler  stm32f4xx_it.o
    0x08000394   0x0000000c   Code   RO         4746    i.CAN2_RX0_IRQHandler  stm32f4xx_it.o
    0x080003a0   0x0000000c   Code   RO         4747    i.CAN2_RX1_IRQHandler  stm32f4xx_it.o
    0x080003ac   0x0000000c   Code   RO         4748    i.CAN2_SCE_IRQHandler  stm32f4xx_it.o
    0x080003b8   0x0000000c   Code   RO         4749    i.CAN2_TX_IRQHandler  stm32f4xx_it.o
    0x080003c4   0x0000007a   Code   RO          458    i.CDC_ProcessReception  usbh_cdc.o
    0x0800043e   0x00000080   Code   RO          459    i.CDC_ProcessTransmission  usbh_cdc.o
    0x080004be   0x00000002   PAD
    0x080004c0   0x00000048   Code   RO          328    i.DeInitStateMachine  usbh_core.o
    0x08000508   0x00000016   Code   RO          460    i.GetLineCoding     usbh_cdc.o
    0x0800051e   0x00000002   Code   RO         1897    i.HAL_CAN_ErrorCallback  stm32f4xx_hal_can.o
    0x08000520   0x000001fc   Code   RO         1904    i.HAL_CAN_IRQHandler  stm32f4xx_hal_can.o
    0x0800071c   0x0000011a   Code   RO         1905    i.HAL_CAN_Init      stm32f4xx_hal_can.o
    0x08000836   0x00000002   PAD
    0x08000838   0x00000120   Code   RO         4610    i.HAL_CAN_MspInit   can.o
    0x08000958   0x00000002   Code   RO         1912    i.HAL_CAN_RxFifo0FullCallback  stm32f4xx_hal_can.o
    0x0800095a   0x00000002   Code   RO         1913    i.HAL_CAN_RxFifo0MsgPendingCallback  stm32f4xx_hal_can.o
    0x0800095c   0x00000002   Code   RO         1914    i.HAL_CAN_RxFifo1FullCallback  stm32f4xx_hal_can.o
    0x0800095e   0x00000002   Code   RO         1915    i.HAL_CAN_RxFifo1MsgPendingCallback  stm32f4xx_hal_can.o
    0x08000960   0x00000002   Code   RO         1916    i.HAL_CAN_SleepCallback  stm32f4xx_hal_can.o
    0x08000962   0x00000002   Code   RO         1919    i.HAL_CAN_TxMailbox0AbortCallback  stm32f4xx_hal_can.o
    0x08000964   0x00000002   Code   RO         1920    i.HAL_CAN_TxMailbox0CompleteCallback  stm32f4xx_hal_can.o
    0x08000966   0x00000002   Code   RO         1921    i.HAL_CAN_TxMailbox1AbortCallback  stm32f4xx_hal_can.o
    0x08000968   0x00000002   Code   RO         1922    i.HAL_CAN_TxMailbox1CompleteCallback  stm32f4xx_hal_can.o
    0x0800096a   0x00000002   Code   RO         1923    i.HAL_CAN_TxMailbox2AbortCallback  stm32f4xx_hal_can.o
    0x0800096c   0x00000002   Code   RO         1924    i.HAL_CAN_TxMailbox2CompleteCallback  stm32f4xx_hal_can.o
    0x0800096e   0x00000002   Code   RO         1926    i.HAL_CAN_WakeUpFromRxMsgCallback  stm32f4xx_hal_can.o
    0x08000970   0x00000024   Code   RO         2311    i.HAL_Delay         stm32f4xx_hal.o
    0x08000994   0x000001b0   Code   RO         3487    i.HAL_GPIO_Init     stm32f4xx_hal_gpio.o
    0x08000b44   0x00000008   Code   RO         3490    i.HAL_GPIO_TogglePin  stm32f4xx_hal_gpio.o
    0x08000b4c   0x0000000a   Code   RO         3491    i.HAL_GPIO_WritePin  stm32f4xx_hal_gpio.o
    0x08000b56   0x00000002   PAD
    0x08000b58   0x0000000c   Code   RO         2317    i.HAL_GetTick       stm32f4xx_hal.o
    0x08000b64   0x00000008   Code   RO         4281    i.HAL_HCD_Connect_Callback  usbh_conf.o
    0x08000b6c   0x00000008   Code   RO         4282    i.HAL_HCD_Disconnect_Callback  usbh_conf.o
    0x08000b74   0x00000006   Code   RO         3305    i.HAL_HCD_GetCurrentFrame  stm32f4xx_hal_hcd.o
    0x08000b7a   0x00000006   Code   RO         3306    i.HAL_HCD_GetCurrentSpeed  stm32f4xx_hal_hcd.o
    0x08000b80   0x0000000e   Code   RO         3309    i.HAL_HCD_HC_GetURBState  stm32f4xx_hal_hcd.o
    0x08000b8e   0x0000000c   Code   RO         3310    i.HAL_HCD_HC_GetXferCount  stm32f4xx_hal_hcd.o
    0x08000b9a   0x00000024   Code   RO         3311    i.HAL_HCD_HC_Halt   stm32f4xx_hal_hcd.o
    0x08000bbe   0x00000054   Code   RO         3312    i.HAL_HCD_HC_Init   stm32f4xx_hal_hcd.o
    0x08000c12   0x00000008   Code   RO         4283    i.HAL_HCD_HC_NotifyURBChange_Callback  usbh_conf.o
    0x08000c1a   0x000000b6   Code   RO         3314    i.HAL_HCD_HC_SubmitRequest  stm32f4xx_hal_hcd.o
    0x08000cd0   0x0000012e   Code   RO         3315    i.HAL_HCD_IRQHandler  stm32f4xx_hal_hcd.o
    0x08000dfe   0x0000005a   Code   RO         3316    i.HAL_HCD_Init      stm32f4xx_hal_hcd.o
    0x08000e58   0x00000078   Code   RO         4285    i.HAL_HCD_MspInit   usbh_conf.o
    0x08000ed0   0x00000006   Code   RO         3319    i.HAL_HCD_ResetPort  stm32f4xx_hal_hcd.o
    0x08000ed6   0x00000008   Code   RO         4286    i.HAL_HCD_SOF_Callback  usbh_conf.o
    0x08000ede   0x0000002c   Code   RO         3321    i.HAL_HCD_Start     stm32f4xx_hal_hcd.o
    0x08000f0a   0x00000024   Code   RO         3322    i.HAL_HCD_Stop      stm32f4xx_hal_hcd.o
    0x08000f2e   0x00000002   PAD
    0x08000f30   0x00000108   Code   RO         1463    i.HAL_I2C_Init      stm32f4xx_hal_i2c.o
    0x08001038   0x0000004c   Code   RO         4701    i.HAL_I2C_MspInit   i2c.o
    0x08001084   0x000001e4   Code   RO         2881    i.HAL_I2SEx_FullDuplex_IRQHandler  stm32f4xx_hal_i2s_ex.o
    0x08001268   0x00000002   Code   RO         2885    i.HAL_I2SEx_TxRxCpltCallback  stm32f4xx_hal_i2s_ex.o
    0x0800126a   0x00000002   Code   RO         2129    i.HAL_I2S_ErrorCallback  stm32f4xx_hal_i2s.o
    0x0800126c   0x00000180   Code   RO         2133    i.HAL_I2S_Init      stm32f4xx_hal_i2s.o
    0x080013ec   0x00000064   Code   RO         4659    i.HAL_I2S_MspInit   i2s.o
    0x08001450   0x00000002   Code   RO         2139    i.HAL_I2S_RxCpltCallback  stm32f4xx_hal_i2s.o
    0x08001452   0x00000002   Code   RO         2144    i.HAL_I2S_TxCpltCallback  stm32f4xx_hal_i2s.o
    0x08001454   0x00000010   Code   RO         2321    i.HAL_IncTick       stm32f4xx_hal.o
    0x08001464   0x00000034   Code   RO         2322    i.HAL_Init          stm32f4xx_hal.o
    0x08001498   0x00000074   Code   RO         4899    i.HAL_InitTick      stm32f4xx_hal_timebase_tim.o
    0x0800150c   0x00000058   Code   RO         4500    i.HAL_MspInit       stm32f4xx_hal_msp.o
    0x08001564   0x00000016   Code   RO         3872    i.HAL_NVIC_EnableIRQ  stm32f4xx_hal_cortex.o
    0x0800157a   0x00000002   PAD
    0x0800157c   0x00000040   Code   RO         3878    i.HAL_NVIC_SetPriority  stm32f4xx_hal_cortex.o
    0x080015bc   0x00000024   Code   RO         3879    i.HAL_NVIC_SetPriorityGrouping  stm32f4xx_hal_cortex.o
    0x080015e0   0x0000005c   Code   RO         1283    i.HAL_RCCEx_GetPeriphCLKFreq  stm32f4xx_hal_rcc_ex.o
    0x0800163c   0x0000013c   Code   RO         1284    i.HAL_RCCEx_PeriphCLKConfig  stm32f4xx_hal_rcc_ex.o
    0x08001778   0x00000130   Code   RO         2780    i.HAL_RCC_ClockConfig  stm32f4xx_hal_rcc.o
    0x080018a8   0x00000040   Code   RO         2784    i.HAL_RCC_GetClockConfig  stm32f4xx_hal_rcc.o
    0x080018e8   0x0000000c   Code   RO         2785    i.HAL_RCC_GetHCLKFreq  stm32f4xx_hal_rcc.o
    0x080018f4   0x00000020   Code   RO         2787    i.HAL_RCC_GetPCLK1Freq  stm32f4xx_hal_rcc.o
    0x08001914   0x00000020   Code   RO         2788    i.HAL_RCC_GetPCLK2Freq  stm32f4xx_hal_rcc.o
    0x08001934   0x00000060   Code   RO         2789    i.HAL_RCC_GetSysClockFreq  stm32f4xx_hal_rcc.o
    0x08001994   0x0000031c   Code   RO         2792    i.HAL_RCC_OscConfig  stm32f4xx_hal_rcc.o
    0x08001cb0   0x00000080   Code   RO         3561    i.HAL_SPI_Init      stm32f4xx_hal_spi.o
    0x08001d30   0x00000048   Code   RO         4432    i.HAL_SPI_MspInit   spi.o
    0x08001d78   0x00000018   Code   RO         3881    i.HAL_SYSTICK_CLKSourceConfig  stm32f4xx_hal_cortex.o
    0x08001d90   0x00000028   Code   RO         3883    i.HAL_SYSTICK_Config  stm32f4xx_hal_cortex.o
    0x08001db8   0x00000002   Code   RO         4002    i.HAL_TIMEx_BreakCallback  stm32f4xx_hal_tim_ex.o
    0x08001dba   0x00000002   Code   RO         4003    i.HAL_TIMEx_CommutationCallback  stm32f4xx_hal_tim_ex.o
    0x08001dbc   0x00000036   Code   RO          651    i.HAL_TIM_Base_Init  stm32f4xx_hal_tim.o
    0x08001df2   0x00000002   Code   RO          653    i.HAL_TIM_Base_MspInit  stm32f4xx_hal_tim.o
    0x08001df4   0x00000018   Code   RO          656    i.HAL_TIM_Base_Start_IT  stm32f4xx_hal_tim.o
    0x08001e0c   0x00000002   Code   RO          680    i.HAL_TIM_IC_CaptureCallback  stm32f4xx_hal_tim.o
    0x08001e0e   0x00000166   Code   RO          693    i.HAL_TIM_IRQHandler  stm32f4xx_hal_tim.o
    0x08001f74   0x00000002   Code   RO          696    i.HAL_TIM_OC_DelayElapsedCallback  stm32f4xx_hal_tim.o
    0x08001f76   0x00000002   Code   RO          723    i.HAL_TIM_PWM_PulseFinishedCallback  stm32f4xx_hal_tim.o
    0x08001f78   0x00000014   Code   RO         4548    i.HAL_TIM_PeriodElapsedCallback  main.o
    0x08001f8c   0x00000002   Code   RO          734    i.HAL_TIM_TriggerCallback  stm32f4xx_hal_tim.o
    0x08001f8e   0x00000232   Code   RO         3323    i.HCD_HC_IN_IRQHandler  stm32f4xx_hal_hcd.o
    0x080021c0   0x00000216   Code   RO         3324    i.HCD_HC_OUT_IRQHandler  stm32f4xx_hal_hcd.o
    0x080023d6   0x000000ac   Code   RO         3325    i.HCD_Port_IRQHandler  stm32f4xx_hal_hcd.o
    0x08002482   0x00000002   PAD
    0x08002484   0x00000070   Code   RO         3326    i.HCD_RXQLVL_IRQHandler  stm32f4xx_hal_hcd.o
    0x080024f4   0x00000088   Code   RO         2887    i.I2SEx_FullDuplexRx_IT  stm32f4xx_hal_i2s_ex.o
    0x0800257c   0x00000084   Code   RO         2888    i.I2SEx_FullDuplexTx_IT  stm32f4xx_hal_i2s_ex.o
    0x08002600   0x000000f0   Code   RO         2151    i.I2S_IRQHandler    stm32f4xx_hal_i2s.o
    0x080026f0   0x00000054   Code   RO         4611    i.MX_CAN1_Init      can.o
    0x08002744   0x00000014   Code   RO         4476    i.MX_DriverVbusFS   usbh_platform.o
    0x08002758   0x00000080   Code   RO         4830    i.MX_FREERTOS_Init  freertos.o
    0x080027d8   0x0000015c   Code   RO         4524    i.MX_GPIO_Init      gpio.o
    0x08002934   0x00000054   Code   RO         4702    i.MX_I2C1_Init      i2c.o
    0x08002988   0x00000050   Code   RO         4660    i.MX_I2S3_Init      i2s.o
    0x080029d8   0x00000058   Code   RO         4433    i.MX_SPI1_Init      spi.o
    0x08002a30   0x0000002c   Code   RO         4241    i.MX_USB_HOST_Init  usb_host.o
    0x08002a5c   0x00000020   Code   RO         3885    i.NVIC_SetPriority  stm32f4xx_hal_cortex.o
    0x08002a7c   0x0000000c   Code   RO         4750    i.OTG_FS_IRQHandler  stm32f4xx_it.o
    0x08002a88   0x00000008   Code   RO         4831    i.StartCom          freertos.o
    0x08002a90   0x0000002c   Code   RO         4832    i.StartDiag         freertos.o
    0x08002abc   0x00000008   Code   RO         4833    i.StartHOST         freertos.o
    0x08002ac4   0x0000000c   Code   RO         4834    i.StartMain         freertos.o
    0x08002ad0   0x00000008   Code   RO         4835    i.StartSensorMng    freertos.o
    0x08002ad8   0x00000004   Code   RO         4751    i.SysTick_Handler   stm32f4xx_it.o
    0x08002adc   0x000000b4   Code   RO         4549    i.SystemClock_Config  main.o
    0x08002b90   0x00000054   Code   RO         4940    i.SystemInit        system_stm32f4xx.o
    0x08002be4   0x0000000c   Code   RO         4752    i.TIM1_UP_TIM10_IRQHandler  stm32f4xx_it.o
    0x08002bf0   0x000000c0   Code   RO          735    i.TIM_Base_SetConfig  stm32f4xx_hal_tim.o
    0x08002cb0   0x00000034   Code   RO           13    i.USBH_AllocPipe    usbh_pipes.o
    0x08002ce4   0x00000020   Code   RO          577    i.USBH_BulkReceiveData  usbh_ioreq.o
    0x08002d04   0x00000028   Code   RO          578    i.USBH_BulkSendData  usbh_ioreq.o
    0x08002d2c   0x00000024   Code   RO          461    i.USBH_CDC_ClassRequest  usbh_cdc.o
    0x08002d50   0x0000005e   Code   RO          464    i.USBH_CDC_InterfaceDeInit  usbh_cdc.o
    0x08002dae   0x00000134   Code   RO          465    i.USBH_CDC_InterfaceInit  usbh_cdc.o
    0x08002ee2   0x00000002   Code   RO          466    i.USBH_CDC_LineCodingChanged  usbh_cdc.o
    0x08002ee4   0x000000b8   Code   RO          467    i.USBH_CDC_Process  usbh_cdc.o
    0x08002f9c   0x00000002   Code   RO          469    i.USBH_CDC_ReceiveCallback  usbh_cdc.o
    0x08002f9e   0x00000004   Code   RO          470    i.USBH_CDC_SOFProcess  usbh_cdc.o
    0x08002fa2   0x00000002   Code   RO          474    i.USBH_CDC_TransmitCallback  usbh_cdc.o
    0x08002fa4   0x0000000a   Code   RO           14    i.USBH_ClosePipe    usbh_pipes.o
    0x08002fae   0x0000001e   Code   RO          240    i.USBH_ClrFeature   usbh_ctlreq.o
    0x08002fcc   0x0000001e   Code   RO          579    i.USBH_CtlReceiveData  usbh_ioreq.o
    0x08002fea   0x0000004a   Code   RO          241    i.USBH_CtlReq       usbh_ctlreq.o
    0x08003034   0x00000028   Code   RO          580    i.USBH_CtlSendData  usbh_ioreq.o
    0x0800305c   0x0000001e   Code   RO          581    i.USBH_CtlSendSetup  usbh_ioreq.o
    0x0800307a   0x00000004   Code   RO         4287    i.USBH_Delay        usbh_conf.o
    0x0800307e   0x00000044   Code   RO          330    i.USBH_FindInterface  usbh_core.o
    0x080030c2   0x00000018   Code   RO           15    i.USBH_FreePipe     usbh_pipes.o
    0x080030da   0x00000034   Code   RO          242    i.USBH_GetDescriptor  usbh_ctlreq.o
    0x0800310e   0x0000000e   Code   RO          243    i.USBH_GetNextDesc  usbh_ctlreq.o
    0x0800311c   0x0000002c   Code   RO          244    i.USBH_Get_CfgDesc  usbh_ctlreq.o
    0x08003148   0x0000009a   Code   RO          245    i.USBH_Get_DevDesc  usbh_ctlreq.o
    0x080031e2   0x00000048   Code   RO          246    i.USBH_Get_StringDesc  usbh_ctlreq.o
    0x0800322a   0x0000018c   Code   RO          247    i.USBH_HandleControl  usbh_ctlreq.o
    0x080033b6   0x00000116   Code   RO          333    i.USBH_HandleEnum   usbh_core.o
    0x080034cc   0x00000068   Code   RO          334    i.USBH_Init         usbh_core.o
    0x08003534   0x00000020   Code   RO         4288    i.USBH_LL_ClosePipe  usbh_conf.o
    0x08003554   0x00000038   Code   RO          335    i.USBH_LL_Connect   usbh_core.o
    0x0800358c   0x00000044   Code   RO          336    i.USBH_LL_Disconnect  usbh_core.o
    0x080035d0   0x0000001a   Code   RO         4290    i.USBH_LL_DriverVBUS  usbh_conf.o
    0x080035ea   0x00000008   Code   RO         4291    i.USBH_LL_GetLastXferSize  usbh_conf.o
    0x080035f2   0x00000022   Code   RO         4292    i.USBH_LL_GetSpeed  usbh_conf.o
    0x08003614   0x00000008   Code   RO         4294    i.USBH_LL_GetURBState  usbh_conf.o
    0x0800361c   0x0000001e   Code   RO          337    i.USBH_LL_IncTimer  usbh_core.o
    0x0800363a   0x00000002   PAD
    0x0800363c   0x00000068   Code   RO         4295    i.USBH_LL_Init      usbh_conf.o
    0x080036a4   0x00000012   Code   RO          338    i.USBH_LL_NotifyURBChange  usbh_core.o
    0x080036b6   0x0000002a   Code   RO         4296    i.USBH_LL_OpenPipe  usbh_conf.o
    0x080036e0   0x00000020   Code   RO         4297    i.USBH_LL_ResetPort  usbh_conf.o
    0x08003700   0x00000006   Code   RO          339    i.USBH_LL_SetTimer  usbh_core.o
    0x08003706   0x00000020   Code   RO         4298    i.USBH_LL_SetToggle  usbh_conf.o
    0x08003726   0x00000020   Code   RO         4299    i.USBH_LL_Start     usbh_conf.o
    0x08003746   0x00000020   Code   RO         4300    i.USBH_LL_Stop      usbh_conf.o
    0x08003766   0x00000030   Code   RO         4301    i.USBH_LL_SubmitURB  usbh_conf.o
    0x08003796   0x00000014   Code   RO           16    i.USBH_OpenPipe     usbh_pipes.o
    0x080037aa   0x000000e8   Code   RO          248    i.USBH_ParseCfgDesc  usbh_ctlreq.o
    0x08003892   0x00000180   Code   RO          340    i.USBH_Process      usbh_core.o
    0x08003a12   0x00000022   Code   RO          341    i.USBH_Process_OS   usbh_core.o
    0x08003a34   0x0000001c   Code   RO          343    i.USBH_RegisterClass  usbh_core.o
    0x08003a50   0x00000016   Code   RO          344    i.USBH_SelectInterface  usbh_core.o
    0x08003a66   0x0000001c   Code   RO          249    i.USBH_SetAddress   usbh_ctlreq.o
    0x08003a82   0x0000001c   Code   RO          250    i.USBH_SetCfg       usbh_ctlreq.o
    0x08003a9e   0x00000014   Code   RO          345    i.USBH_Start        usbh_core.o
    0x08003ab2   0x00000002   PAD
    0x08003ab4   0x00000020   Code   RO         4242    i.USBH_UserProcess  usb_host.o
    0x08003ad4   0x0000006c   Code   RO         2969    i.USB_CoreInit      stm32f4xx_ll_usb.o
    0x08003b40   0x00000038   Code   RO         2970    i.USB_CoreReset     stm32f4xx_ll_usb.o
    0x08003b78   0x0000000c   Code   RO         2976    i.USB_DisableGlobalInt  stm32f4xx_ll_usb.o
    0x08003b84   0x00000040   Code   RO         2977    i.USB_DoPing        stm32f4xx_ll_usb.o
    0x08003bc4   0x0000002c   Code   RO         2978    i.USB_DriveVbus     stm32f4xx_ll_usb.o
    0x08003bf0   0x0000000c   Code   RO         2984    i.USB_EnableGlobalInt  stm32f4xx_ll_usb.o
    0x08003bfc   0x00000020   Code   RO         2985    i.USB_FlushRxFifo   stm32f4xx_ll_usb.o
    0x08003c1c   0x00000024   Code   RO         2986    i.USB_FlushTxFifo   stm32f4xx_ll_usb.o
    0x08003c40   0x00000008   Code   RO         2987    i.USB_GetCurrentFrame  stm32f4xx_ll_usb.o
    0x08003c48   0x0000000e   Code   RO         2989    i.USB_GetHostSpeed  stm32f4xx_ll_usb.o
    0x08003c56   0x00000008   Code   RO         2990    i.USB_GetMode       stm32f4xx_ll_usb.o
    0x08003c5e   0x00000148   Code   RO         2991    i.USB_HC_Halt       stm32f4xx_ll_usb.o
    0x08003da6   0x00000002   PAD
    0x08003da8   0x000000ea   Code   RO         2992    i.USB_HC_Init       stm32f4xx_ll_usb.o
    0x08003e92   0x0000000c   Code   RO         2993    i.USB_HC_ReadInterrupt  stm32f4xx_ll_usb.o
    0x08003e9e   0x00000002   PAD
    0x08003ea0   0x00000188   Code   RO         2994    i.USB_HC_StartXfer  stm32f4xx_ll_usb.o
    0x08004028   0x000000d4   Code   RO         2995    i.USB_HostInit      stm32f4xx_ll_usb.o
    0x080040fc   0x00000036   Code   RO         2996    i.USB_InitFSLSPClkSel  stm32f4xx_ll_usb.o
    0x08004132   0x00000008   Code   RO         3001    i.USB_ReadInterrupts  stm32f4xx_ll_usb.o
    0x0800413a   0x00000020   Code   RO         3002    i.USB_ReadPacket    stm32f4xx_ll_usb.o
    0x0800415a   0x0000002c   Code   RO         3003    i.USB_ResetPort     stm32f4xx_ll_usb.o
    0x08004186   0x0000002c   Code   RO         3004    i.USB_SetCurrentMode  stm32f4xx_ll_usb.o
    0x080041b2   0x000000b2   Code   RO         3008    i.USB_StopHost      stm32f4xx_ll_usb.o
    0x08004264   0x00000028   Code   RO         3009    i.USB_WritePacket   stm32f4xx_ll_usb.o
    0x0800428c   0x00000002   Code   RO         4550    i._Error_Handler    main.o
    0x0800428e   0x0000000e   Code   RO         6218    i.__scatterload_copy  mc_w.l(handlers.o)
    0x0800429c   0x00000002   Code   RO         6219    i.__scatterload_null  mc_w.l(handlers.o)
    0x0800429e   0x0000000e   Code   RO         6220    i.__scatterload_zeroinit  mc_w.l(handlers.o)
    0x080042ac   0x00000050   Code   RO         6166    i.free              mc_w.l(malloc.o)
    0x080042fc   0x0000000c   Code   RO         5063    i.inHandlerMode     cmsis_os.o
    0x08004308   0x00000026   Code   RO         4551    i.main              main.o
    0x0800432e   0x0000000c   Code   RO         5065    i.makeFreeRtosPriority  cmsis_os.o
    0x0800433a   0x00000002   PAD
    0x0800433c   0x0000006c   Code   RO         6167    i.malloc            mc_w.l(malloc.o)
    0x080043a8   0x0000000e   Code   RO         5067    i.osDelay           cmsis_os.o
    0x080043b6   0x0000000a   Code   RO         5070    i.osKernelStart     cmsis_os.o
    0x080043c0   0x00000008   Code   RO         5079    i.osMessageCreate   cmsis_os.o
    0x080043c8   0x00000098   Code   RO         5081    i.osMessageGet      cmsis_os.o
    0x08004460   0x0000005c   Code   RO         5083    i.osMessagePut      cmsis_os.o
    0x080044bc   0x00000014   Code   RO         5103    i.osSystickHandler  cmsis_os.o
    0x080044d0   0x0000002e   Code   RO         5104    i.osThreadCreate    cmsis_os.o
    0x080044fe   0x00000002   PAD
    0x08004500   0x00000070   Code   RO         5470    i.prvAddCurrentTaskToDelayedList  tasks.o
    0x08004570   0x000000d0   Code   RO         5471    i.prvAddNewTaskToReadyList  tasks.o
    0x08004640   0x00000050   Code   RO         5472    i.prvCheckTasksWaitingTermination  tasks.o
    0x08004690   0x00000026   Code   RO         6012    i.prvCopyDataFromQueue  queue.o
    0x080046b6   0x0000006c   Code   RO         6013    i.prvCopyDataToQueue  queue.o
    0x08004722   0x00000014   Code   RO         5473    i.prvDeleteTCB      tasks.o
    0x08004736   0x00000002   PAD
    0x08004738   0x0000004c   Code   RO         4977    i.prvHeapInit       heap_4.o
    0x08004784   0x00000028   Code   RO         5474    i.prvIdleTask       tasks.o
    0x080047ac   0x0000008e   Code   RO         5475    i.prvInitialiseNewTask  tasks.o
    0x0800483a   0x00000002   PAD
    0x0800483c   0x0000004c   Code   RO         4978    i.prvInsertBlockIntoFreeList  heap_4.o
    0x08004888   0x0000001c   Code   RO         6014    i.prvIsQueueEmpty   queue.o
    0x080048a4   0x00000020   Code   RO         5476    i.prvResetNextTaskUnblockTime  tasks.o
    0x080048c4   0x00000028   Code   RO         5923    i.prvTaskExitError  port.o
    0x080048ec   0x0000006a   Code   RO         6015    i.prvUnlockQueue    queue.o
    0x08004956   0x00000002   PAD
    0x08004958   0x000000d8   Code   RO         4979    i.pvPortMalloc      heap_4.o
    0x08004a30   0x00000018   Code   RO         5478    i.pvTaskIncrementMutexHeldCount  tasks.o
    0x08004a48   0x0000002c   Code   RO         5924    i.pxPortInitialiseStack  port.o
    0x08004a74   0x00000024   Code   RO         5776    i.uxListRemove      list.o
    0x08004a98   0x00000016   Code   RO         5777    i.vListInitialise   list.o
    0x08004aae   0x00000006   Code   RO         5778    i.vListInitialiseItem  list.o
    0x08004ab4   0x00000030   Code   RO         5779    i.vListInsert       list.o
    0x08004ae4   0x00000018   Code   RO         5780    i.vListInsertEnd    list.o
    0x08004afc   0x00000040   Code   RO         5926    i.vPortEnterCritical  port.o
    0x08004b3c   0x00000028   Code   RO         5927    i.vPortExitCritical  port.o
    0x08004b64   0x0000005c   Code   RO         4980    i.vPortFree         heap_4.o
    0x08004bc0   0x00000020   Code   RO         5928    i.vPortSetupTimerInterrupt  port.o
    0x08004be0   0x00000054   Code   RO         5929    i.vPortValidateInterruptPriority  port.o
    0x08004c34   0x0000004c   Code   RO         5484    i.vTaskDelay        tasks.o
    0x08004c80   0x0000000c   Code   RO         5487    i.vTaskMissedYield  tasks.o
    0x08004c8c   0x00000030   Code   RO         5489    i.vTaskPlaceOnEventList  tasks.o
    0x08004cbc   0x00000084   Code   RO         5491    i.vTaskPriorityInherit  tasks.o
    0x08004d40   0x00000024   Code   RO         5494    i.vTaskSetTimeOutState  tasks.o
    0x08004d64   0x00000068   Code   RO         5495    i.vTaskStartScheduler  tasks.o
    0x08004dcc   0x00000010   Code   RO         5497    i.vTaskSuspendAll   tasks.o
    0x08004ddc   0x0000005c   Code   RO         5498    i.vTaskSwitchContext  tasks.o
    0x08004e38   0x000000e0   Code   RO         5930    i.xPortStartScheduler  port.o
    0x08004f18   0x0000002c   Code   RO         5931    i.xPortSysTickHandler  port.o
    0x08004f44   0x00000048   Code   RO         6023    i.xQueueGenericCreate  queue.o
    0x08004f8c   0x0000016c   Code   RO         6024    i.xQueueGenericReceive  queue.o
    0x080050f8   0x00000088   Code   RO         6025    i.xQueueGenericReset  queue.o
    0x08005180   0x00000160   Code   RO         6026    i.xQueueGenericSend  queue.o
    0x080052e0   0x000000bc   Code   RO         6027    i.xQueueGenericSendFromISR  queue.o
    0x0800539c   0x0000009a   Code   RO         6032    i.xQueueReceiveFromISR  queue.o
    0x08005436   0x00000002   PAD
    0x08005438   0x0000006c   Code   RO         5499    i.xTaskCheckForTimeOut  tasks.o
    0x080054a4   0x00000056   Code   RO         5500    i.xTaskCreate       tasks.o
    0x080054fa   0x00000002   PAD
    0x080054fc   0x0000001c   Code   RO         5504    i.xTaskGetSchedulerState  tasks.o
    0x08005518   0x000000c8   Code   RO         5507    i.xTaskIncrementTick  tasks.o
    0x080055e0   0x00000098   Code   RO         5510    i.xTaskPriorityDisinherit  tasks.o
    0x08005678   0x00000074   Code   RO         5511    i.xTaskRemoveFromEventList  tasks.o
    0x080056ec   0x000000c4   Code   RO         5513    i.xTaskResumeAll    tasks.o
    0x080057b0   0x0000001c   Data   RO          347    .constdata          usbh_core.o
    0x080057cc   0x00000064   Data   RO         4836    .constdata          freertos.o
    0x08005830   0x00000010   Data   RO         4941    .constdata          system_stm32f4xx.o
    0x08005840   0x00000008   Data   RO         4942    .constdata          system_stm32f4xx.o
    0x08005848   0x0000000c   Data   RO          348    .conststring        usbh_core.o
    0x08005854   0x00000004   Data   RO          475    .conststring        usbh_cdc.o
    0x08005858   0x00000025   Data   RO         4837    .conststring        freertos.o
    0x0800587d   0x00000003   PAD
    0x08005880   0x00000020   Data   RO         6216    Region$$Table       anon$$obj.o


    Execution Region RW_IRAM1 (Base: 0x20000000, Size: 0x00010990, Max: 0x00020000, ABSOLUTE)

    Base Addr    Size         Type   Attr      Idx    E Section Name        Object

    0x20000000   0x00000020   Data   RW          476    .data               usbh_cdc.o
    0x20000020   0x0000000c   Data   RW         2329    .data               stm32f4xx_hal.o
    0x2000002c   0x00000001   Data   RW         4244    .data               usb_host.o
    0x2000002d   0x00000003   PAD
    0x20000030   0x00000004   Data   RW         4614    .data               can.o
    0x20000034   0x00000014   Data   RW         4838    .data               freertos.o
    0x20000048   0x00000004   Data   RW         4943    .data               system_stm32f4xx.o
    0x2000004c   0x00000018   Data   RW         4985    .data               heap_4.o
    0x20000064   0x0000003c   Data   RW         5516    .data               tasks.o
    0x200000a0   0x0000000c   Data   RW         5932    .data               port.o
    0x200000ac   0x00000004   Data   RW         6212    .data               mc_w.l(mvars.o)
    0x200000b0   0x00000004   Data   RW         6213    .data               mc_w.l(mvars.o)
    0x200000b4   0x000003d0   Zero   RW         4243    .bss                usb_host.o
    0x20000484   0x00000298   Zero   RW         4302    .bss                usbh_conf.o
    0x2000071c   0x00000058   Zero   RW         4434    .bss                spi.o
    0x20000774   0x00000050   Zero   RW         4613    .bss                can.o
    0x200007c4   0x00000048   Zero   RW         4661    .bss                i2s.o
    0x2000080c   0x00000054   Zero   RW         4703    .bss                i2c.o
    0x20000860   0x0000003c   Zero   RW         4902    .bss                stm32f4xx_hal_timebase_tim.o
    0x2000089c   0x0000fa00   Zero   RW         4984    .bss                heap_4.o
    0x2001029c   0x000000f0   Zero   RW         5515    .bss                tasks.o
    0x2001038c   0x00000004   PAD
    0x20010390   0x00000200   Zero   RW            2    HEAP                startup_stm32f407xx.o
    0x20010590   0x00000400   Zero   RW            1    STACK               startup_stm32f407xx.o


==============================================================================

Image component sizes


      Code (inc. data)   RO Data    RW Data    ZI Data      Debug   Object Name

       372         50          0          4         80       1935   can.o
       366         12          0          0          0      21012   cmsis_os.o
       208         14        137         20          0       3972   freertos.o
       348         30          0          0          0       1123   gpio.o
       460         24          0         24      64000       8903   heap_4.o
       160         42          0          0         84       1661   i2c.o
       180         46          0          0         72       1673   i2s.o
       136          0          0          0          0       3626   list.o
       240         16          0          0          0       2901   main.o
       758         84          0         12          0      12061   port.o
      1546         14          0          0          0      13956   queue.o
       160         36          0          0         88       1657   spi.o
        36          8        392          0       1536        848   startup_stm32f407xx.o
       116         18          0         12          0       3970   stm32f4xx_hal.o
       816          0          0          0          0      10299   stm32f4xx_hal_can.o
       218         14          0          0          0      31133   stm32f4xx_hal_cortex.o
       450         44          0          0          0       3093   stm32f4xx_hal_gpio.o
      2198          4          0          0          0      13601   stm32f4xx_hal_hcd.o
       264         10          0          0          0       3011   stm32f4xx_hal_i2c.o
       630         18          0          0          0       4273   stm32f4xx_hal_i2s.o
       754         26          0          0          0       3679   stm32f4xx_hal_i2s_ex.o
        88          0          0          0          0        538   stm32f4xx_hal_msp.o
      1336         92          0          0          0       6401   stm32f4xx_hal_rcc.o
       408         36          0          0          0       2317   stm32f4xx_hal_rcc_ex.o
       128          0          0          0          0       1239   stm32f4xx_hal_spi.o
       638         44          0          0          0       7186   stm32f4xx_hal_tim.o
         4          0          0          0          0       1654   stm32f4xx_hal_tim_ex.o
       116         16          0          0         60       1488   stm32f4xx_hal_timebase_tim.o
       124         60          0          0          0       5227   stm32f4xx_it.o
      1972         48          0          0          0      17539   stm32f4xx_ll_usb.o
        84         18         24          4          0       1195   system_stm32f4xx.o
      2060        172          0         60        240      30817   tasks.o
        76         18          0          1        976       2184   usb_host.o
       904          6          4         32          0      12876   usbh_cdc.o
       586         36          0          0        664      11512   usbh_conf.o
      1188         26         40          0          0      11358   usbh_core.o
      1124         12          0          0          0       9976   usbh_ctlreq.o
       172          0          0          0          0       4440   usbh_ioreq.o
       106          0          0          0          0     735454   usbh_pipes.o
        20          4          0          0          0        534   usbh_platform.o

    ----------------------------------------------------------------------
     21586       1098        632        172      67804    1012322   Object Totals
         0          0         32          0          0          0   (incl. Generated)
        36          0          3          3          4          0   (incl. Padding)

    ----------------------------------------------------------------------

      Code (inc. data)   RO Data    RW Data    ZI Data      Debug   Library Member Name

         0          0          0          0          0          0   entry.o
         0          0          0          0          0          0   entry10a.o
         0          0          0          0          0          0   entry11a.o
         8          4          0          0          0          0   entry2.o
         4          0          0          0          0          0   entry5.o
         0          0          0          0          0          0   entry7b.o
         0          0          0          0          0          0   entry8b.o
         8          4          0          0          0          0   entry9a.o
        30          0          0          0          0          0   handlers.o
        36          8          0          0          0         68   init.o
        30          0          0          0          0         68   llshl.o
        32          0          0          0          0         68   llushr.o
       188         20          0          0          0        160   malloc.o
        36          0          0          0          0         68   memcpya.o
         0          0          0          8          0          0   mvars.o
        98          0          0          0          0         92   uldiv.o

    ----------------------------------------------------------------------
       470         36          0          8          0        524   Library Totals
         0          0          0          0          0          0   (incl. Padding)

    ----------------------------------------------------------------------

      Code (inc. data)   RO Data    RW Data    ZI Data      Debug   Library Name

       470         36          0          8          0        524   mc_w.l

    ----------------------------------------------------------------------
       470         36          0          8          0        524   Library Totals

    ----------------------------------------------------------------------

==============================================================================


      Code (inc. data)   RO Data    RW Data    ZI Data      Debug   

     22056       1134        632        180      67804     987942   Grand Totals
     22056       1134        632        180      67804     987942   ELF Image Totals
     22056       1134        632        180          0          0   ROM Totals

==============================================================================

    Total RO  Size (Code + RO Data)                22688 (  22.16kB)
    Total RW  Size (RW Data + ZI Data)             67984 (  66.39kB)
    Total ROM Size (Code + RO Data + RW Data)      22868 (  22.33kB)

==============================================================================

